  state:0.0, ok
  Welcome! Try test(3,5,7,15,30)
->test(50,70,80,90,100)
  state:1.0, mode:test, ok
  Movement:none
  Sectors:
    [1,1]->[0,E],[1,J],-,-
    [1,2]->[2,B],[3,A],[4,B],-
    [1,3]->[5,J],-,-,-
    [1,4]->[6,A],[7,A],[8,B],-
    [1,5]->[9,J],[-8,*],-,-
    [2,1]->[10,A],[-4,Y],-,-
    [2,2]->[11,J],[12,A],[13,A],[-2,Y]
    [2,3]->[14,B],[-10,*],-,-
    [2,4]->[15,A],[16,B],-,-
    [2,5]->[17,J],[18,J],[-6,*],-
    [3,1]->[19,B],[20,M],[21,A],-
    [3,2]->[22,A],[23,J],[24,J],[-11,*]
    [3,3]->[-1,O],-,-,-
    [3,4]->[25,J],[26,A],[27,A],-
    [3,5]->[28,J],-,-,-
    [4,1]->[29,B],[-5,W],-,-
    [4,2]->[30,A],-,-,-
    [4,3]->[31,B],-,-,-
    [4,4]->[32,B],[-7,W],-,-
    [4,5]->[33,A],[34,P],-,-
    [5,1]->[35,A],[36,M],[37,P],-
    [5,2]->[38,A],[39,A],[40,M],-
    [5,3]->[41,M],[42,A],[43,J],[-3,*]
    [5,4]->[44,A],[45,M],[46,J],[-9,W]
    [5,5]->[47,B],[48,B],[49,P],-
  Descriptions:
    [-11,*]->Luminosity:5
    [-10,*]->Luminosity:5
    [-9,W]->
    [-8,*]->Luminosity:5
    [-7,W]->
    [-6,*]->Luminosity:5
    [-5,W]->
    [-4,Y]->Luminosity:2
    [-3,*]->Luminosity:5
    [-2,Y]->Luminosity:2
    [-1,O]->
    [0,E]->fuel:3/3, life:3/3, landed?:F
    [1,J]->fuel:5/5, load:0/2, actions_left_until_reproduction:2/2, turns_left:1
    [2,B]->fuel:3/3, actions_left_until_reproduction:1/1, turns_left:1
    [3,A]->turns_left:2
    [4,B]->fuel:3/3, actions_left_until_reproduction:1/1, turns_left:2
    [5,J]->fuel:5/5, load:0/2, actions_left_until_reproduction:2/2, turns_left:0
    [6,A]->turns_left:1
    [7,A]->turns_left:0
    [8,B]->fuel:3/3, actions_left_until_reproduction:1/1, turns_left:0
    [9,J]->fuel:5/5, load:0/2, actions_left_until_reproduction:2/2, turns_left:1
    [10,A]->turns_left:0
    [11,J]->fuel:5/5, load:0/2, actions_left_until_reproduction:2/2, turns_left:1
    [12,A]->turns_left:0
    [13,A]->turns_left:1
    [14,B]->fuel:3/3, actions_left_until_reproduction:1/1, turns_left:2
    [15,A]->turns_left:0
    [16,B]->fuel:3/3, actions_left_until_reproduction:1/1, turns_left:0
    [17,J]->fuel:5/5, load:0/2, actions_left_until_reproduction:2/2, turns_left:0
    [18,J]->fuel:5/5, load:0/2, actions_left_until_reproduction:2/2, turns_left:1
    [19,B]->fuel:3/3, actions_left_until_reproduction:1/1, turns_left:1
    [20,M]->fuel:3/3, actions_left_until_reproduction:1/1, turns_left:1
    [21,A]->turns_left:0
    [22,A]->turns_left:1
    [23,J]->fuel:5/5, load:0/2, actions_left_until_reproduction:2/2, turns_left:0
    [24,J]->fuel:5/5, load:0/2, actions_left_until_reproduction:2/2, turns_left:0
    [25,J]->fuel:5/5, load:0/2, actions_left_until_reproduction:2/2, turns_left:1
    [26,A]->turns_left:1
    [27,A]->turns_left:1
    [28,J]->fuel:5/5, load:0/2, actions_left_until_reproduction:2/2, turns_left:0
    [29,B]->fuel:3/3, actions_left_until_reproduction:1/1, turns_left:0
    [30,A]->turns_left:2
    [31,B]->fuel:3/3, actions_left_until_reproduction:1/1, turns_left:2
    [32,B]->fuel:3/3, actions_left_until_reproduction:1/1, turns_left:2
    [33,A]->turns_left:2
    [34,P]->attached?:F, support_life?:F, visited?:F, turns_left:1
    [35,A]->turns_left:2
    [36,M]->fuel:3/3, actions_left_until_reproduction:1/1, turns_left:1
    [37,P]->attached?:F, support_life?:F, visited?:F, turns_left:1
    [38,A]->turns_left:2
    [39,A]->turns_left:1
    [40,M]->fuel:3/3, actions_left_until_reproduction:1/1, turns_left:0
    [41,M]->fuel:3/3, actions_left_until_reproduction:1/1, turns_left:2
    [42,A]->turns_left:2
    [43,J]->fuel:5/5, load:0/2, actions_left_until_reproduction:2/2, turns_left:1
    [44,A]->turns_left:2
    [45,M]->fuel:3/3, actions_left_until_reproduction:1/1, turns_left:2
    [46,J]->fuel:5/5, load:0/2, actions_left_until_reproduction:2/2, turns_left:2
    [47,B]->fuel:3/3, actions_left_until_reproduction:1/1, turns_left:1
    [48,B]->fuel:3/3, actions_left_until_reproduction:1/1, turns_left:0
    [49,P]->attached?:F, support_life?:F, visited?:F, turns_left:2
  Deaths This Turn:none
    (1:1)  (1:2)  (1:3)  (1:4)  (1:5)  
    EJ--   BAB-   J---   AAB-   J*--   
    (2:1)  (2:2)  (2:3)  (2:4)  (2:5)  
    AY--   JAAY   B*--   AB--   JJ*-   
    (3:1)  (3:2)  (3:3)  (3:4)  (3:5)  
    BMA-   AJJ*   O---   JAA-   J---   
    (4:1)  (4:2)  (4:3)  (4:4)  (4:5)  
    BW--   A---   B---   BW--   AP--   
    (5:1)  (5:2)  (5:3)  (5:4)  (5:5)  
    AMP-   AAM-   MAJ*   AMJW   BBP-   
->abort
  state:1.1, ok
  Mission aborted. Try test(3,5,7,15,30)
->abort
  state:1.2, error
  Negative on that request:no mission in progress.
->abort
  state:1.3, error
  Negative on that request:no mission in progress.
->play
  state:2.0, mode:play, ok
  Movement:none
    (1:1)  (1:2)  (1:3)  (1:4)  (1:5)  
    EW--   P---   PY--   Y---   Y---   
    (2:1)  (2:2)  (2:3)  (2:4)  (2:5)  
    *---   B---   Y---   ----   PW--   
    (3:1)  (3:2)  (3:3)  (3:4)  (3:5)  
    P---   ----   O---   P---   ----   
    (4:1)  (4:2)  (4:3)  (4:4)  (4:5)  
    ----   PY--   ----   ----   A---   
    (5:1)  (5:2)  (5:3)  (5:4)  (5:5)  
    P---   ----   ----   P*--   *---   
->abort
  state:2.1, ok
  Mission aborted. Try test(3,5,7,15,30)
->play
  state:3.0, mode:play, ok
  Movement:none
    (1:1)  (1:2)  (1:3)  (1:4)  (1:5)  
    EW--   P---   ----   ----   PPB-   
    (2:1)  (2:2)  (2:3)  (2:4)  (2:5)  
    P---   P*--   W---   B*--   P---   
    (3:1)  (3:2)  (3:3)  (3:4)  (3:5)  
    ----   ----   O---   W---   BY--   
    (4:1)  (4:2)  (4:3)  (4:4)  (4:5)  
    B---   ----   BB--   J*--   BY--   
    (5:1)  (5:2)  (5:3)  (5:4)  (5:5)  
    P---   P---   Y---   BW--   B---   
->play
  state:3.1, mode:play, error
  To start a new mission, please abort the current one first.
->play
  state:3.2, mode:play, error
  To start a new mission, please abort the current one first.
->abort
  state:3.3, ok
  Mission aborted. Try test(3,5,7,15,30)
->liftoff
  state:3.4, error
  Negative on that request:no mission in progress.
->land
  state:3.5, error
  Negative on that request:no mission in progress.
->abort
  state:3.6, error
  Negative on that request:no mission in progress.
->play
  state:4.0, mode:play, ok
  Movement:none
    (1:1)  (1:2)  (1:3)  (1:4)  (1:5)  
    EP--   ----   P---   J---   M*--   
    (2:1)  (2:2)  (2:3)  (2:4)  (2:5)  
    *---   Y---   *---   ----   ----   
    (3:1)  (3:2)  (3:3)  (3:4)  (3:5)  
    P---   BY--   O---   *---   BY--   
    (4:1)  (4:2)  (4:3)  (4:4)  (4:5)  
    P---   ----   P---   Y---   B---   
    (5:1)  (5:2)  (5:3)  (5:4)  (5:5)  
    ----   PW--   PY--   ----   B---   
->test(1,2,3,4,5)
  state:4.1, mode:play, error
  To start a new mission, please abort the current one first.
->move(E)
  state:5.0, mode:play, ok
  Movement:
    [0,E]:[1,1,1]->[1,2,1]
    [5,P]:[3,1,1]->[2,1,2]
    [13,B]:[5,5,1]->[5,1,1]
    (1:1)  (1:2)  (1:3)  (1:4)  (1:5)  
    -P--   E---   P---   J---   M*--   
    (2:1)  (2:2)  (2:3)  (2:4)  (2:5)  
    *P--   Y---   *---   ----   ----   
    (3:1)  (3:2)  (3:3)  (3:4)  (3:5)  
    ----   BY--   O---   *---   BY--   
    (4:1)  (4:2)  (4:3)  (4:4)  (4:5)  
    P---   ----   P---   Y---   B---   
    (5:1)  (5:2)  (5:3)  (5:4)  (5:5)  
    B---   PW--   PY--   ----   ----   
->abort
  state:5.1, ok
  Mission aborted. Try test(3,5,7,15,30)
->play
  state:6.0, mode:play, ok
  Movement:none
    (1:1)  (1:2)  (1:3)  (1:4)  (1:5)  
    EW--   J*--   *---   W---   M*--   
    (2:1)  (2:2)  (2:3)  (2:4)  (2:5)  
    MY--   Y---   ----   P---   B---   
    (3:1)  (3:2)  (3:3)  (3:4)  (3:5)  
    W---   P---   O---   PP--   B---   
    (4:1)  (4:2)  (4:3)  (4:4)  (4:5)  
    B---   ----   ----   P---   W---   
    (5:1)  (5:2)  (5:3)  (5:4)  (5:5)  
    ----   ----   *---   ----   ----   
->abort
  state:6.1, ok
  Mission aborted. Try test(3,5,7,15,30)
->test(50,70,80,90,100)
  state:7.0, mode:test, ok
  Movement:none
  Sectors:
    [1,1]->[0,E],[1,A],[2,J],[-3,W]
    [1,2]->[3,A],-,-,-
    [1,3]->[4,A],[5,A],[6,A],-
    [1,4]->[7,P],[8,J],[9,J],-
    [1,5]->[10,A],-,-,-
    [2,1]->[11,J],[12,J],[13,M],-
    [2,2]->[14,J],[15,J],[16,A],[-10,W]
    [2,3]->[17,A],[18,A],[19,A],[-9,Y]
    [2,4]->[20,A],[21,P],-,-
    [2,5]->[22,A],[23,A],[-4,Y],-
    [3,1]->[24,A],[25,M],[26,A],[-6,*]
    [3,2]->[27,A],[28,A],-,-
    [3,3]->[-1,O],-,-,-
    [3,4]->[29,P],[30,B],[31,A],-
    [3,5]->[32,J],[33,B],[34,J],-
    [4,1]->[35,J],[36,A],[37,J],-
    [4,2]->[38,B],[39,A],[40,A],[-7,Y]
    [4,3]->[41,A],[-2,Y],-,-
    [4,4]->[42,A],[-8,W],-,-
    [4,5]->[43,J],-,-,-
    [5,1]->[44,B],[45,J],[46,B],-
    [5,2]->[47,A],[48,A],[49,M],[-5,Y]
    [5,3]->[50,A],[51,A],[52,A],-
    [5,4]->[53,A],[54,M],-,-
    [5,5]->[55,A],[56,A],[-11,*],-
  Descriptions:
    [-11,*]->Luminosity:5
    [-10,W]->
    [-9,Y]->Luminosity:2
    [-8,W]->
    [-7,Y]->Luminosity:2
    [-6,*]->Luminosity:5
    [-5,Y]->Luminosity:2
    [-4,Y]->Luminosity:2
    [-3,W]->
    [-2,Y]->Luminosity:2
    [-1,O]->
    [0,E]->fuel:3/3, life:3/3, landed?:F
    [1,A]->turns_left:0
    [2,J]->fuel:5/5, load:0/2, actions_left_until_reproduction:2/2, turns_left:0
    [3,A]->turns_left:2
    [4,A]->turns_left:1
    [5,A]->turns_left:2
    [6,A]->turns_left:2
    [7,P]->attached?:F, support_life?:F, visited?:F, turns_left:1
    [8,J]->fuel:5/5, load:0/2, actions_left_until_reproduction:2/2, turns_left:2
    [9,J]->fuel:5/5, load:0/2, actions_left_until_reproduction:2/2, turns_left:0
    [10,A]->turns_left:1
    [11,J]->fuel:5/5, load:0/2, actions_left_until_reproduction:2/2, turns_left:2
    [12,J]->fuel:5/5, load:0/2, actions_left_until_reproduction:2/2, turns_left:0
    [13,M]->fuel:3/3, actions_left_until_reproduction:1/1, turns_left:0
    [14,J]->fuel:5/5, load:0/2, actions_left_until_reproduction:2/2, turns_left:2
    [15,J]->fuel:5/5, load:0/2, actions_left_until_reproduction:2/2, turns_left:1
    [16,A]->turns_left:0
    [17,A]->turns_left:0
    [18,A]->turns_left:0
    [19,A]->turns_left:2
    [20,A]->turns_left:0
    [21,P]->attached?:F, support_life?:F, visited?:F, turns_left:2
    [22,A]->turns_left:1
    [23,A]->turns_left:1
    [24,A]->turns_left:1
    [25,M]->fuel:3/3, actions_left_until_reproduction:1/1, turns_left:2
    [26,A]->turns_left:0
    [27,A]->turns_left:2
    [28,A]->turns_left:0
    [29,P]->attached?:F, support_life?:F, visited?:F, turns_left:2
    [30,B]->fuel:3/3, actions_left_until_reproduction:1/1, turns_left:2
    [31,A]->turns_left:2
    [32,J]->fuel:5/5, load:0/2, actions_left_until_reproduction:2/2, turns_left:2
    [33,B]->fuel:3/3, actions_left_until_reproduction:1/1, turns_left:2
    [34,J]->fuel:5/5, load:0/2, actions_left_until_reproduction:2/2, turns_left:0
    [35,J]->fuel:5/5, load:0/2, actions_left_until_reproduction:2/2, turns_left:0
    [36,A]->turns_left:2
    [37,J]->fuel:5/5, load:0/2, actions_left_until_reproduction:2/2, turns_left:0
    [38,B]->fuel:3/3, actions_left_until_reproduction:1/1, turns_left:1
    [39,A]->turns_left:0
    [40,A]->turns_left:0
    [41,A]->turns_left:0
    [42,A]->turns_left:2
    [43,J]->fuel:5/5, load:0/2, actions_left_until_reproduction:2/2, turns_left:0
    [44,B]->fuel:3/3, actions_left_until_reproduction:1/1, turns_left:0
    [45,J]->fuel:5/5, load:0/2, actions_left_until_reproduction:2/2, turns_left:1
    [46,B]->fuel:3/3, actions_left_until_reproduction:1/1, turns_left:2
    [47,A]->turns_left:0
    [48,A]->turns_left:1
    [49,M]->fuel:3/3, actions_left_until_reproduction:1/1, turns_left:2
    [50,A]->turns_left:2
    [51,A]->turns_left:1
    [52,A]->turns_left:0
    [53,A]->turns_left:1
    [54,M]->fuel:3/3, actions_left_until_reproduction:1/1, turns_left:0
    [55,A]->turns_left:2
    [56,A]->turns_left:0
  Deaths This Turn:none
    (1:1)  (1:2)  (1:3)  (1:4)  (1:5)  
    EAJW   A---   AAA-   PJJ-   A---   
    (2:1)  (2:2)  (2:3)  (2:4)  (2:5)  
    JJM-   JJAW   AAAY   AP--   AAY-   
    (3:1)  (3:2)  (3:3)  (3:4)  (3:5)  
    AMA*   AA--   O---   PBA-   JBJ-   
    (4:1)  (4:2)  (4:3)  (4:4)  (4:5)  
    JAJ-   BAAY   AY--   AW--   J---   
    (5:1)  (5:2)  (5:3)  (5:4)  (5:5)  
    BJB-   AAMY   AAA-   AM--   AA*-   
->abort
  state:7.1, ok
  Mission aborted. Try test(3,5,7,15,30)
->abort
  state:7.2, error
  Negative on that request:no mission in progress.
->abort
  state:7.3, error
  Negative on that request:no mission in progress.
->play
  state:8.0, mode:play, ok
  Movement:none
    (1:1)  (1:2)  (1:3)  (1:4)  (1:5)  
    EY--   Y---   ----   W---   PB--   
    (2:1)  (2:2)  (2:3)  (2:4)  (2:5)  
    PY--   P---   *---   P---   P---   
    (3:1)  (3:2)  (3:3)  (3:4)  (3:5)  
    ----   ----   O---   *---   ----   
    (4:1)  (4:2)  (4:3)  (4:4)  (4:5)  
    J*--   ----   ----   ----   ----   
    (5:1)  (5:2)  (5:3)  (5:4)  (5:5)  
    W---   P---   ----   P*--   Y---   
->abort
  state:8.1, ok
  Mission aborted. Try test(3,5,7,15,30)
->play
  state:9.0, mode:play, ok
  Movement:none
    (1:1)  (1:2)  (1:3)  (1:4)  (1:5)  
    E---   ----   Y---   P---   ----   
    (2:1)  (2:2)  (2:3)  (2:4)  (2:5)  
    P---   *---   PY--   ----   ----   
    (3:1)  (3:2)  (3:3)  (3:4)  (3:5)  
    *---   ----   O---   PW--   ----   
    (4:1)  (4:2)  (4:3)  (4:4)  (4:5)  
    A---   A---   P---   AB*-   B*--   
    (5:1)  (5:2)  (5:3)  (5:4)  (5:5)  
    P*--   PY--   ----   *---   ----   
->play
  state:9.1, mode:play, error
  To start a new mission, please abort the current one first.
->play
  state:9.2, mode:play, error
  To start a new mission, please abort the current one first.
->abort
  state:9.3, ok
  Mission aborted. Try test(3,5,7,15,30)
->liftoff
  state:9.4, error
  Negative on that request:no mission in progress.
->land
  state:9.5, error
  Negative on that request:no mission in progress.
->abort
  state:9.6, error
  Negative on that request:no mission in progress.
->play
  state:10.0, mode:play, ok
  Movement:none
    (1:1)  (1:2)  (1:3)  (1:4)  (1:5)  
    EJ--   P---   P*--   B---   ----   
    (2:1)  (2:2)  (2:3)  (2:4)  (2:5)  
    PY--   ----   PPY-   ----   BY--   
    (3:1)  (3:2)  (3:3)  (3:4)  (3:5)  
    ----   ----   O---   ----   *---   
    (4:1)  (4:2)  (4:3)  (4:4)  (4:5)  
    ----   ----   B*--   B---   W---   
    (5:1)  (5:2)  (5:3)  (5:4)  (5:5)  
    B*--   ----   ----   Y---   BY--   
->test(1,2,3,4,5)
  state:10.1, mode:play, error
  To start a new mission, please abort the current one first.
->move(E)
  state:11.0, mode:play, ok
  Movement:
    [0,E]:[1,1,1]->[1,2,2]
    [8,B]:[2,5,1]->[3,4,1]
    (1:1)  (1:2)  (1:3)  (1:4)  (1:5)  
    -J--   PE--   P*--   B---   ----   
    (2:1)  (2:2)  (2:3)  (2:4)  (2:5)  
    PY--   ----   PPY-   ----   -Y--   
    (3:1)  (3:2)  (3:3)  (3:4)  (3:5)  
    ----   ----   O---   B---   *---   
    (4:1)  (4:2)  (4:3)  (4:4)  (4:5)  
    ----   ----   B*--   B---   W---   
    (5:1)  (5:2)  (5:3)  (5:4)  (5:5)  
    B*--   ----   ----   Y---   BY--   
->abort
  state:11.1, ok
  Mission aborted. Try test(3,5,7,15,30)
->play
  state:12.0, mode:play, ok
  Movement:none
    (1:1)  (1:2)  (1:3)  (1:4)  (1:5)  
    EP--   W---   ----   AB--   ----   
    (2:1)  (2:2)  (2:3)  (2:4)  (2:5)  
    ----   B---   *---   W---   ----   
    (3:1)  (3:2)  (3:3)  (3:4)  (3:5)  
    ----   ----   O---   ----   P*--   
    (4:1)  (4:2)  (4:3)  (4:4)  (4:5)  
    B*--   P---   PW--   ----   ----   
    (5:1)  (5:2)  (5:3)  (5:4)  (5:5)  
    W---   B*--   Y---   PY--   ----   
->abort
  state:12.1, ok
  Mission aborted. Try test(3,5,7,15,30)
->pass
  state:12.2, error
  Negative on that request:no mission in progress.
->pass
  state:12.3, error
  Negative on that request:no mission in progress.
->pass
  state:12.4, error
  Negative on that request:no mission in progress.
->pass
  state:12.5, error
  Negative on that request:no mission in progress.
->pass
  state:12.6, error
  Negative on that request:no mission in progress.
->pass
  state:12.7, error
  Negative on that request:no mission in progress.
->pass
  state:12.8, error
  Negative on that request:no mission in progress.
->pass
  state:12.9, error
  Negative on that request:no mission in progress.
->pass
  state:12.10, error
  Negative on that request:no mission in progress.
->pass
  state:12.11, error
  Negative on that request:no mission in progress.
->pass
  state:12.12, error
  Negative on that request:no mission in progress.
->pass
  state:12.13, error
  Negative on that request:no mission in progress.
->pass
  state:12.14, error
  Negative on that request:no mission in progress.
->pass
  state:12.15, error
  Negative on that request:no mission in progress.
->pass
  state:12.16, error
  Negative on that request:no mission in progress.
->pass
  state:12.17, error
  Negative on that request:no mission in progress.
->pass
  state:12.18, error
  Negative on that request:no mission in progress.
->pass
  state:12.19, error
  Negative on that request:no mission in progress.
->pass
  state:12.20, error
  Negative on that request:no mission in progress.
->pass
  state:12.21, error
  Negative on that request:no mission in progress.
->pass
  state:12.22, error
  Negative on that request:no mission in progress.
->pass
  state:12.23, error
  Negative on that request:no mission in progress.
->pass
  state:12.24, error
  Negative on that request:no mission in progress.
->pass
  state:12.25, error
  Negative on that request:no mission in progress.
->pass
  state:12.26, error
  Negative on that request:no mission in progress.
