  state:0.0, ok
  Welcome! Try test(3,5,7,15,30)
->test(50,70,80,90,100)
  state:1.0, mode:test, ok
  Movement:none
  Sectors:
    [1,1]->[0,E],[1,J],-,-
    [1,2]->[2,B],[3,A],[4,B],-
    [1,3]->[5,J],-,-,-
    [1,4]->[6,A],[7,A],[8,B],-
    [1,5]->[9,J],[-8,*],-,-
    [2,1]->[10,A],[-4,Y],-,-
    [2,2]->[11,J],[12,A],[13,A],[-2,Y]
    [2,3]->[14,B],[-10,*],-,-
    [2,4]->[15,A],[16,B],-,-
    [2,5]->[17,J],[18,J],[-6,*],-
    [3,1]->[19,B],[20,M],[21,A],-
    [3,2]->[22,A],[23,J],[24,J],[-11,*]
    [3,3]->[-1,O],-,-,-
    [3,4]->[25,J],[26,A],[27,A],-
    [3,5]->[28,J],-,-,-
    [4,1]->[29,B],[-5,W],-,-
    [4,2]->[30,A],-,-,-
    [4,3]->[31,B],-,-,-
    [4,4]->[32,B],[-7,W],-,-
    [4,5]->[33,A],[34,P],-,-
    [5,1]->[35,A],[36,M],[37,P],-
    [5,2]->[38,A],[39,A],[40,M],-
    [5,3]->[41,M],[42,A],[43,J],[-3,*]
    [5,4]->[44,A],[45,M],[46,J],[-9,W]
    [5,5]->[47,B],[48,B],[49,P],-
  Descriptions:
    [-11,*]->Luminosity:5
    [-10,*]->Luminosity:5
    [-9,W]->
    [-8,*]->Luminosity:5
    [-7,W]->
    [-6,*]->Luminosity:5
    [-5,W]->
    [-4,Y]->Luminosity:2
    [-3,*]->Luminosity:5
    [-2,Y]->Luminosity:2
    [-1,O]->
    [0,E]->fuel:3/3, life:3/3, landed?:F
    [1,J]->fuel:5/5, load:0/2, actions_left_until_reproduction:2/2, turns_left:1
    [2,B]->fuel:3/3, actions_left_until_reproduction:1/1, turns_left:1
    [3,A]->turns_left:2
    [4,B]->fuel:3/3, actions_left_until_reproduction:1/1, turns_left:2
    [5,J]->fuel:5/5, load:0/2, actions_left_until_reproduction:2/2, turns_left:0
    [6,A]->turns_left:1
    [7,A]->turns_left:0
    [8,B]->fuel:3/3, actions_left_until_reproduction:1/1, turns_left:0
    [9,J]->fuel:5/5, load:0/2, actions_left_until_reproduction:2/2, turns_left:1
    [10,A]->turns_left:0
    [11,J]->fuel:5/5, load:0/2, actions_left_until_reproduction:2/2, turns_left:1
    [12,A]->turns_left:0
    [13,A]->turns_left:1
    [14,B]->fuel:3/3, actions_left_until_reproduction:1/1, turns_left:2
    [15,A]->turns_left:0
    [16,B]->fuel:3/3, actions_left_until_reproduction:1/1, turns_left:0
    [17,J]->fuel:5/5, load:0/2, actions_left_until_reproduction:2/2, turns_left:0
    [18,J]->fuel:5/5, load:0/2, actions_left_until_reproduction:2/2, turns_left:1
    [19,B]->fuel:3/3, actions_left_until_reproduction:1/1, turns_left:1
    [20,M]->fuel:3/3, actions_left_until_reproduction:1/1, turns_left:1
    [21,A]->turns_left:0
    [22,A]->turns_left:1
    [23,J]->fuel:5/5, load:0/2, actions_left_until_reproduction:2/2, turns_left:0
    [24,J]->fuel:5/5, load:0/2, actions_left_until_reproduction:2/2, turns_left:0
    [25,J]->fuel:5/5, load:0/2, actions_left_until_reproduction:2/2, turns_left:1
    [26,A]->turns_left:1
    [27,A]->turns_left:1
    [28,J]->fuel:5/5, load:0/2, actions_left_until_reproduction:2/2, turns_left:0
    [29,B]->fuel:3/3, actions_left_until_reproduction:1/1, turns_left:0
    [30,A]->turns_left:2
    [31,B]->fuel:3/3, actions_left_until_reproduction:1/1, turns_left:2
    [32,B]->fuel:3/3, actions_left_until_reproduction:1/1, turns_left:2
    [33,A]->turns_left:2
    [34,P]->attached?:F, support_life?:F, visited?:F, turns_left:1
    [35,A]->turns_left:2
    [36,M]->fuel:3/3, actions_left_until_reproduction:1/1, turns_left:1
    [37,P]->attached?:F, support_life?:F, visited?:F, turns_left:1
    [38,A]->turns_left:2
    [39,A]->turns_left:1
    [40,M]->fuel:3/3, actions_left_until_reproduction:1/1, turns_left:0
    [41,M]->fuel:3/3, actions_left_until_reproduction:1/1, turns_left:2
    [42,A]->turns_left:2
    [43,J]->fuel:5/5, load:0/2, actions_left_until_reproduction:2/2, turns_left:1
    [44,A]->turns_left:2
    [45,M]->fuel:3/3, actions_left_until_reproduction:1/1, turns_left:2
    [46,J]->fuel:5/5, load:0/2, actions_left_until_reproduction:2/2, turns_left:2
    [47,B]->fuel:3/3, actions_left_until_reproduction:1/1, turns_left:1
    [48,B]->fuel:3/3, actions_left_until_reproduction:1/1, turns_left:0
    [49,P]->attached?:F, support_life?:F, visited?:F, turns_left:2
  Deaths This Turn:none
    (1:1)  (1:2)  (1:3)  (1:4)  (1:5)  
    EJ--   BAB-   J---   AAB-   J*--   
    (2:1)  (2:2)  (2:3)  (2:4)  (2:5)  
    AY--   JAAY   B*--   AB--   JJ*-   
    (3:1)  (3:2)  (3:3)  (3:4)  (3:5)  
    BMA-   AJJ*   O---   JAA-   J---   
    (4:1)  (4:2)  (4:3)  (4:4)  (4:5)  
    BW--   A---   B---   BW--   AP--   
    (5:1)  (5:2)  (5:3)  (5:4)  (5:5)  
    AMP-   AAM-   MAJ*   AMJW   BBP-   
->move(S)
  state:2.0, mode:test, ok
  Explorer got destroyed by asteroid (id: 10) at Sector:2:1
  The game has ended. You can start a new game.
  Movement:
    [0,E]:[1,1,1]->[2,1,3]
    [5,J]:[1,3,1]->[1,2,4]
      destroyed [3,A] at [1,2,2]
    [7,A]:[1,4,2]->[2,5,4]
      destroyed [17,J] at [2,5,1]
      destroyed [18,J] at [2,5,2]
    [8,B]:[1,4,3]->[2,5,1]
    [10,A]:[2,1,1]
      destroyed [0,E] at [2,1,3]
    [12,A]:[2,2,2]->[1,3,1]
    [15,A]:[2,4,1]->[1,3,2]
    [16,B]:[2,4,2]->[3,4,4]
    [21,A]:[3,1,3]->[3,5,2]
      destroyed [28,J] at [3,5,1]
    [23,J]:[3,2,2]->[3,1,3]
    [24,J]:[3,2,3]->[2,1,3]
      destroyed [10,A] at [2,1,1]
    [29,B]:[4,1,1]->[2,4,1]
    [40,M]:[5,2,3]->[1,1,1]
    [48,B]:[5,5,2]->[1,1,3]
      destroyed [40,M] at [1,1,1]
  Sectors:
    [1,1]->-,[1,J],[48,B],-
    [1,2]->[2,B],-,[4,B],[5,J]
    [1,3]->[12,A],[15,A],-,-
    [1,4]->[6,A],-,-,-
    [1,5]->[9,J],[-8,*],-,-
    [2,1]->-,[-4,Y],[24,J],-
    [2,2]->[11,J],-,[13,A],[-2,Y]
    [2,3]->[14,B],[-10,*],-,-
    [2,4]->[29,B],-,-,-
    [2,5]->[8,B],-,[-6,*],[7,A]
    [3,1]->[19,B],[20,M],[23,J],-
    [3,2]->[22,A],-,-,[-11,*]
    [3,3]->[-1,O],-,-,-
    [3,4]->[25,J],[26,A],[27,A],[16,B]
    [3,5]->-,[21,A],-,-
    [4,1]->-,[-5,W],-,-
    [4,2]->[30,A],-,-,-
    [4,3]->[31,B],-,-,-
    [4,4]->[32,B],[-7,W],-,-
    [4,5]->[33,A],[34,P],-,-
    [5,1]->[35,A],[36,M],[37,P],-
    [5,2]->[38,A],[39,A],-,-
    [5,3]->[41,M],[42,A],[43,J],[-3,*]
    [5,4]->[44,A],[45,M],[46,J],[-9,W]
    [5,5]->[47,B],-,[49,P],-
  Descriptions:
    [-11,*]->Luminosity:5
    [-10,*]->Luminosity:5
    [-9,W]->
    [-8,*]->Luminosity:5
    [-7,W]->
    [-6,*]->Luminosity:5
    [-5,W]->
    [-4,Y]->Luminosity:2
    [-3,*]->Luminosity:5
    [-2,Y]->Luminosity:2
    [-1,O]->
    [1,J]->fuel:5/5, load:0/2, actions_left_until_reproduction:2/2, turns_left:0
    [2,B]->fuel:3/3, actions_left_until_reproduction:1/1, turns_left:0
    [4,B]->fuel:3/3, actions_left_until_reproduction:1/1, turns_left:1
    [5,J]->fuel:4/5, load:1/2, actions_left_until_reproduction:1/2, turns_left:2
    [6,A]->turns_left:0
    [7,A]->turns_left:1
    [8,B]->fuel:3/3, actions_left_until_reproduction:0/1, turns_left:1
    [9,J]->fuel:5/5, load:0/2, actions_left_until_reproduction:2/2, turns_left:0
    [11,J]->fuel:5/5, load:0/2, actions_left_until_reproduction:2/2, turns_left:0
    [12,A]->turns_left:2
    [13,A]->turns_left:0
    [14,B]->fuel:3/3, actions_left_until_reproduction:1/1, turns_left:1
    [15,A]->turns_left:2
    [16,B]->fuel:2/3, actions_left_until_reproduction:0/1, turns_left:0
    [19,B]->fuel:3/3, actions_left_until_reproduction:1/1, turns_left:0
    [20,M]->fuel:3/3, actions_left_until_reproduction:1/1, turns_left:0
    [21,A]->turns_left:1
    [22,A]->turns_left:0
    [23,J]->fuel:4/5, load:0/2, actions_left_until_reproduction:1/2, turns_left:2
    [24,J]->fuel:5/5, load:1/2, actions_left_until_reproduction:1/2, turns_left:2
    [25,J]->fuel:5/5, load:0/2, actions_left_until_reproduction:2/2, turns_left:0
    [26,A]->turns_left:0
    [27,A]->turns_left:0
    [29,B]->fuel:3/3, actions_left_until_reproduction:0/1, turns_left:1
    [30,A]->turns_left:1
    [31,B]->fuel:3/3, actions_left_until_reproduction:1/1, turns_left:1
    [32,B]->fuel:3/3, actions_left_until_reproduction:1/1, turns_left:1
    [33,A]->turns_left:1
    [34,P]->attached?:F, support_life?:F, visited?:F, turns_left:0
    [35,A]->turns_left:1
    [36,M]->fuel:3/3, actions_left_until_reproduction:1/1, turns_left:0
    [37,P]->attached?:F, support_life?:F, visited?:F, turns_left:0
    [38,A]->turns_left:1
    [39,A]->turns_left:0
    [41,M]->fuel:3/3, actions_left_until_reproduction:1/1, turns_left:1
    [42,A]->turns_left:1
    [43,J]->fuel:5/5, load:0/2, actions_left_until_reproduction:2/2, turns_left:0
    [44,A]->turns_left:1
    [45,M]->fuel:3/3, actions_left_until_reproduction:1/1, turns_left:1
    [46,J]->fuel:5/5, load:0/2, actions_left_until_reproduction:2/2, turns_left:1
    [47,B]->fuel:3/3, actions_left_until_reproduction:1/1, turns_left:0
    [48,B]->fuel:2/3, actions_left_until_reproduction:0/1, turns_left:1
    [49,P]->attached?:F, support_life?:F, visited?:F, turns_left:1
  Deaths This Turn:
    [3,A]->turns_left:N/A,
      Asteroid got imploded by janitaur (id: 5) at Sector:1:2
    [17,J]->fuel:5/5, load:0/2, actions_left_until_reproduction:2/2, turns_left:N/A,
      Janitaur got destroyed by asteroid (id: 7) at Sector:2:5
    [18,J]->fuel:5/5, load:0/2, actions_left_until_reproduction:2/2, turns_left:N/A,
      Janitaur got destroyed by asteroid (id: 7) at Sector:2:5
    [0,E]->fuel:3/3, life:0/3, landed?:F,
      Explorer got destroyed by asteroid (id: 10) at Sector:2:1
    [28,J]->fuel:5/5, load:0/2, actions_left_until_reproduction:2/2, turns_left:N/A,
      Janitaur got destroyed by asteroid (id: 21) at Sector:3:5
    [10,A]->turns_left:N/A,
      Asteroid got imploded by janitaur (id: 24) at Sector:2:1
    [40,M]->fuel:2/3, actions_left_until_reproduction:0/1, turns_left:N/A,
      Malevolent got destroyed by benign (id: 48) at Sector:1:1
    (1:1)  (1:2)  (1:3)  (1:4)  (1:5)  
    -JB-   B-BJ   AA--   A---   J*--   
    (2:1)  (2:2)  (2:3)  (2:4)  (2:5)  
    -YJ-   J-AY   B*--   B---   B-*A   
    (3:1)  (3:2)  (3:3)  (3:4)  (3:5)  
    BMJ-   A--*   O---   JAAB   -A--   
    (4:1)  (4:2)  (4:3)  (4:4)  (4:5)  
    -W--   A---   B---   BW--   AP--   
    (5:1)  (5:2)  (5:3)  (5:4)  (5:5)  
    AMP-   AA--   MAJ*   AMJW   B-P-   
  Explorer got destroyed by asteroid (id: 10) at Sector:2:1
  The game has ended. You can start a new game.
