  state:0.0, ok
  Welcome! Try test(3,5,7,15,30)
->test(3,5,7,15,30)
  state:1.0, mode:test, ok
  Movement:none
  Sectors:
    [1,1]->[0,E],-,-,-
    [1,2]->[-8,*],-,-,-
    [1,3]->[1,P],-,-,-
    [1,4]->-,-,-,-
    [1,5]->[2,P],[3,P],-,-
    [2,1]->-,-,-,-
    [2,2]->-,-,-,-
    [2,3]->[-5,W],-,-,-
    [2,4]->-,-,-,-
    [2,5]->[4,P],-,-,-
    [3,1]->[5,M],[-6,Y],-,-
    [3,2]->-,-,-,-
    [3,3]->[-1,O],-,-,-
    [3,4]->[6,P],[-11,W],-,-
    [3,5]->-,-,-,-
    [4,1]->[-2,W],-,-,-
    [4,2]->[7,M],[-7,*],-,-
    [4,3]->[8,P],-,-,-
    [4,4]->[9,P],[-4,*],-,-
    [4,5]->-,-,-,-
    [5,1]->[10,B],[-3,W],-,-
    [5,2]->-,-,-,-
    [5,3]->[-10,*],-,-,-
    [5,4]->-,-,-,-
    [5,5]->[11,P],[-9,W],-,-
  Descriptions:
    [-11,W]->
    [-10,*]->Luminosity:5
    [-9,W]->
    [-8,*]->Luminosity:5
    [-7,*]->Luminosity:5
    [-6,Y]->Luminosity:2
    [-5,W]->
    [-4,*]->Luminosity:5
    [-3,W]->
    [-2,W]->
    [-1,O]->
    [0,E]->fuel:3/3, life:3/3, landed?:F
    [1,P]->attached?:F, support_life?:F, visited?:F, turns_left:2
    [2,P]->attached?:F, support_life?:F, visited?:F, turns_left:2
    [3,P]->attached?:F, support_life?:F, visited?:F, turns_left:0
    [4,P]->attached?:F, support_life?:F, visited?:F, turns_left:2
    [5,M]->fuel:3/3, actions_left_until_reproduction:1/1, turns_left:1
    [6,P]->attached?:F, support_life?:F, visited?:F, turns_left:2
    [7,M]->fuel:3/3, actions_left_until_reproduction:1/1, turns_left:2
    [8,P]->attached?:F, support_life?:F, visited?:F, turns_left:0
    [9,P]->attached?:F, support_life?:F, visited?:F, turns_left:1
    [10,B]->fuel:3/3, actions_left_until_reproduction:1/1, turns_left:1
    [11,P]->attached?:F, support_life?:F, visited?:F, turns_left:2
  Deaths This Turn:none
    (1:1)  (1:2)  (1:3)  (1:4)  (1:5)  
    E---   *---   P---   ----   PP--   
    (2:1)  (2:2)  (2:3)  (2:4)  (2:5)  
    ----   ----   W---   ----   P---   
    (3:1)  (3:2)  (3:3)  (3:4)  (3:5)  
    MY--   ----   O---   PW--   ----   
    (4:1)  (4:2)  (4:3)  (4:4)  (4:5)  
    W---   M*--   P---   P*--   ----   
    (5:1)  (5:2)  (5:3)  (5:4)  (5:5)  
    BW--   ----   *---   ----   PW--   
->abort
  state:1.1, ok
  Mission aborted. Try test(3,5,7,15,30)
->test(30,25,15,3,6)
  state:1.2, error
  Thresholds should be non-decreasing order.
->abort
  state:1.3, error
  Negative on that request:no mission in progress.
->test(3,3,3,3,3)
  state:2.0, mode:test, ok
  Movement:none
  Sectors:
    [1,1]->[0,E],[-4,*],-,-
    [1,2]->-,-,-,-
    [1,3]->[1,A],-,-,-
    [1,4]->-,-,-,-
    [1,5]->[-8,Y],-,-,-
    [2,1]->[-6,W],-,-,-
    [2,2]->-,-,-,-
    [2,3]->[-11,Y],-,-,-
    [2,4]->-,-,-,-
    [2,5]->-,-,-,-
    [3,1]->[-3,Y],-,-,-
    [3,2]->-,-,-,-
    [3,3]->[-1,O],-,-,-
    [3,4]->-,-,-,-
    [3,5]->[2,A],-,-,-
    [4,1]->-,-,-,-
    [4,2]->-,-,-,-
    [4,3]->[-5,*],-,-,-
    [4,4]->-,-,-,-
    [4,5]->-,-,-,-
    [5,1]->[-2,Y],-,-,-
    [5,2]->[-9,Y],-,-,-
    [5,3]->-,-,-,-
    [5,4]->[-10,*],-,-,-
    [5,5]->[-7,W],-,-,-
  Descriptions:
    [-11,Y]->Luminosity:2
    [-10,*]->Luminosity:5
    [-9,Y]->Luminosity:2
    [-8,Y]->Luminosity:2
    [-7,W]->
    [-6,W]->
    [-5,*]->Luminosity:5
    [-4,*]->Luminosity:5
    [-3,Y]->Luminosity:2
    [-2,Y]->Luminosity:2
    [-1,O]->
    [0,E]->fuel:3/3, life:3/3, landed?:F
    [1,A]->turns_left:0
    [2,A]->turns_left:0
  Deaths This Turn:none
    (1:1)  (1:2)  (1:3)  (1:4)  (1:5)  
    E*--   ----   A---   ----   Y---   
    (2:1)  (2:2)  (2:3)  (2:4)  (2:5)  
    W---   ----   Y---   ----   ----   
    (3:1)  (3:2)  (3:3)  (3:4)  (3:5)  
    Y---   ----   O---   ----   A---   
    (4:1)  (4:2)  (4:3)  (4:4)  (4:5)  
    ----   ----   *---   ----   ----   
    (5:1)  (5:2)  (5:3)  (5:4)  (5:5)  
    Y---   Y---   ----   *---   W---   
->abort
  state:2.1, ok
  Mission aborted. Try test(3,5,7,15,30)
->test(1,1,1,1,1)
  state:3.0, mode:test, ok
  Movement:none
  Sectors:
    [1,1]->[0,E],-,-,-
    [1,2]->-,-,-,-
    [1,3]->[-11,W],-,-,-
    [1,4]->[-2,W],-,-,-
    [1,5]->[-6,Y],-,-,-
    [2,1]->-,-,-,-
    [2,2]->[-5,Y],-,-,-
    [2,3]->-,-,-,-
    [2,4]->[-4,*],-,-,-
    [2,5]->-,-,-,-
    [3,1]->-,-,-,-
    [3,2]->-,-,-,-
    [3,3]->[-1,O],-,-,-
    [3,4]->[-9,*],-,-,-
    [3,5]->-,-,-,-
    [4,1]->[-3,W],-,-,-
    [4,2]->-,-,-,-
    [4,3]->[-7,Y],-,-,-
    [4,4]->-,-,-,-
    [4,5]->[-8,Y],-,-,-
    [5,1]->[-10,W],-,-,-
    [5,2]->-,-,-,-
    [5,3]->-,-,-,-
    [5,4]->-,-,-,-
    [5,5]->-,-,-,-
  Descriptions:
    [-11,W]->
    [-10,W]->
    [-9,*]->Luminosity:5
    [-8,Y]->Luminosity:2
    [-7,Y]->Luminosity:2
    [-6,Y]->Luminosity:2
    [-5,Y]->Luminosity:2
    [-4,*]->Luminosity:5
    [-3,W]->
    [-2,W]->
    [-1,O]->
    [0,E]->fuel:3/3, life:3/3, landed?:F
  Deaths This Turn:none
    (1:1)  (1:2)  (1:3)  (1:4)  (1:5)  
    E---   ----   W---   W---   Y---   
    (2:1)  (2:2)  (2:3)  (2:4)  (2:5)  
    ----   Y---   ----   *---   ----   
    (3:1)  (3:2)  (3:3)  (3:4)  (3:5)  
    ----   ----   O---   *---   ----   
    (4:1)  (4:2)  (4:3)  (4:4)  (4:5)  
    W---   ----   Y---   ----   Y---   
    (5:1)  (5:2)  (5:3)  (5:4)  (5:5)  
    W---   ----   ----   ----   ----   
->abort
  state:3.1, ok
  Mission aborted. Try test(3,5,7,15,30)
->test(101,101,101,101,101)
  state:4.0, mode:test, ok
  Movement:none
  Sectors:
    [1,1]->[0,E],[1,A],[2,A],[3,A]
    [1,2]->[4,A],[5,A],[6,A],-
    [1,3]->[7,A],-,-,-
    [1,4]->[8,A],[9,A],[10,A],[-2,Y]
    [1,5]->[11,A],[12,A],[13,A],[-3,*]
    [2,1]->[14,A],[15,A],-,-
    [2,2]->[16,A],[17,A],-,-
    [2,3]->[18,A],-,-,-
    [2,4]->[19,A],-,-,-
    [2,5]->[20,A],[-10,*],-,-
    [3,1]->[21,A],[22,A],-,-
    [3,2]->[23,A],-,-,-
    [3,3]->[-1,O],-,-,-
    [3,4]->[24,A],[25,A],[-5,Y],-
    [3,5]->[26,A],-,-,-
    [4,1]->[27,A],[28,A],[29,A],-
    [4,2]->[30,A],[-4,*],-,-
    [4,3]->[31,A],[32,A],[33,A],-
    [4,4]->[34,A],[-8,*],-,-
    [4,5]->[35,A],[-6,*],-,-
    [5,1]->[36,A],[-9,Y],-,-
    [5,2]->[37,A],[-11,Y],-,-
    [5,3]->[38,A],[39,A],-,-
    [5,4]->[40,A],[41,A],[-7,W],-
    [5,5]->[42,A],-,-,-
  Descriptions:
    [-11,Y]->Luminosity:2
    [-10,*]->Luminosity:5
    [-9,Y]->Luminosity:2
    [-8,*]->Luminosity:5
    [-7,W]->
    [-6,*]->Luminosity:5
    [-5,Y]->Luminosity:2
    [-4,*]->Luminosity:5
    [-3,*]->Luminosity:5
    [-2,Y]->Luminosity:2
    [-1,O]->
    [0,E]->fuel:3/3, life:3/3, landed?:F
    [1,A]->turns_left:2
    [2,A]->turns_left:1
    [3,A]->turns_left:1
    [4,A]->turns_left:2
    [5,A]->turns_left:0
    [6,A]->turns_left:1
    [7,A]->turns_left:0
    [8,A]->turns_left:0
    [9,A]->turns_left:0
    [10,A]->turns_left:2
    [11,A]->turns_left:1
    [12,A]->turns_left:0
    [13,A]->turns_left:2
    [14,A]->turns_left:2
    [15,A]->turns_left:1
    [16,A]->turns_left:1
    [17,A]->turns_left:0
    [18,A]->turns_left:1
    [19,A]->turns_left:0
    [20,A]->turns_left:1
    [21,A]->turns_left:2
    [22,A]->turns_left:1
    [23,A]->turns_left:0
    [24,A]->turns_left:1
    [25,A]->turns_left:1
    [26,A]->turns_left:1
    [27,A]->turns_left:0
    [28,A]->turns_left:1
    [29,A]->turns_left:1
    [30,A]->turns_left:1
    [31,A]->turns_left:1
    [32,A]->turns_left:1
    [33,A]->turns_left:1
    [34,A]->turns_left:1
    [35,A]->turns_left:0
    [36,A]->turns_left:0
    [37,A]->turns_left:0
    [38,A]->turns_left:0
    [39,A]->turns_left:0
    [40,A]->turns_left:2
    [41,A]->turns_left:0
    [42,A]->turns_left:2
  Deaths This Turn:none
    (1:1)  (1:2)  (1:3)  (1:4)  (1:5)  
    EAAA   AAA-   A---   AAAY   AAA*   
    (2:1)  (2:2)  (2:3)  (2:4)  (2:5)  
    AA--   AA--   A---   A---   A*--   
    (3:1)  (3:2)  (3:3)  (3:4)  (3:5)  
    AA--   A---   O---   AAY-   A---   
    (4:1)  (4:2)  (4:3)  (4:4)  (4:5)  
    AAA-   A*--   AAA-   A*--   A*--   
    (5:1)  (5:2)  (5:3)  (5:4)  (5:5)  
    AY--   AY--   AA--   AAW-   A---   
->abort
  state:4.1, ok
  Mission aborted. Try test(3,5,7,15,30)
->test(97,98,99,100,101)
  state:5.0, mode:test, ok
  Movement:none
  Sectors:
    [1,1]->[0,E],[1,A],[2,A],[-7,*]
    [1,2]->[3,A],[-6,*],-,-
    [1,3]->[4,A],[-9,*],-,-
    [1,4]->[5,A],[-11,W],-,-
    [1,5]->[6,A],-,-,-
    [2,1]->[7,M],[8,A],-,-
    [2,2]->[9,J],[-10,W],-,-
    [2,3]->[10,A],[11,A],[12,A],-
    [2,4]->[13,M],[14,A],-,-
    [2,5]->[15,A],[16,A],[17,A],[-3,*]
    [3,1]->[18,M],[-2,Y],-,-
    [3,2]->[19,A],-,-,-
    [3,3]->[-1,O],-,-,-
    [3,4]->[20,A],[21,A],[22,A],-
    [3,5]->[23,A],[24,A],-,-
    [4,1]->[25,A],[26,A],[27,A],-
    [4,2]->[28,A],[29,A],[30,A],-
    [4,3]->[31,A],[32,A],[33,A],-
    [4,4]->[34,A],[35,A],[36,A],[-5,W]
    [4,5]->[37,A],[38,A],[-8,W],-
    [5,1]->[39,A],[-4,*],-,-
    [5,2]->[40,A],-,-,-
    [5,3]->[41,A],[42,A],-,-
    [5,4]->[43,A],[44,A],[45,A],-
    [5,5]->[46,A],-,-,-
  Descriptions:
    [-11,W]->
    [-10,W]->
    [-9,*]->Luminosity:5
    [-8,W]->
    [-7,*]->Luminosity:5
    [-6,*]->Luminosity:5
    [-5,W]->
    [-4,*]->Luminosity:5
    [-3,*]->Luminosity:5
    [-2,Y]->Luminosity:2
    [-1,O]->
    [0,E]->fuel:3/3, life:3/3, landed?:F
    [1,A]->turns_left:1
    [2,A]->turns_left:1
    [3,A]->turns_left:1
    [4,A]->turns_left:1
    [5,A]->turns_left:1
    [6,A]->turns_left:1
    [7,M]->fuel:3/3, actions_left_until_reproduction:1/1, turns_left:1
    [8,A]->turns_left:2
    [9,J]->fuel:5/5, load:0/2, actions_left_until_reproduction:2/2, turns_left:0
    [10,A]->turns_left:1
    [11,A]->turns_left:2
    [12,A]->turns_left:0
    [13,M]->fuel:3/3, actions_left_until_reproduction:1/1, turns_left:0
    [14,A]->turns_left:0
    [15,A]->turns_left:1
    [16,A]->turns_left:0
    [17,A]->turns_left:2
    [18,M]->fuel:3/3, actions_left_until_reproduction:1/1, turns_left:1
    [19,A]->turns_left:1
    [20,A]->turns_left:1
    [21,A]->turns_left:0
    [22,A]->turns_left:1
    [23,A]->turns_left:2
    [24,A]->turns_left:1
    [25,A]->turns_left:0
    [26,A]->turns_left:1
    [27,A]->turns_left:0
    [28,A]->turns_left:2
    [29,A]->turns_left:0
    [30,A]->turns_left:0
    [31,A]->turns_left:1
    [32,A]->turns_left:1
    [33,A]->turns_left:1
    [34,A]->turns_left:2
    [35,A]->turns_left:0
    [36,A]->turns_left:2
    [37,A]->turns_left:2
    [38,A]->turns_left:2
    [39,A]->turns_left:0
    [40,A]->turns_left:0
    [41,A]->turns_left:1
    [42,A]->turns_left:2
    [43,A]->turns_left:1
    [44,A]->turns_left:2
    [45,A]->turns_left:0
    [46,A]->turns_left:1
  Deaths This Turn:none
    (1:1)  (1:2)  (1:3)  (1:4)  (1:5)  
    EAA*   A*--   A*--   AW--   A---   
    (2:1)  (2:2)  (2:3)  (2:4)  (2:5)  
    MA--   JW--   AAA-   MA--   AAA*   
    (3:1)  (3:2)  (3:3)  (3:4)  (3:5)  
    MY--   A---   O---   AAA-   AA--   
    (4:1)  (4:2)  (4:3)  (4:4)  (4:5)  
    AAA-   AAA-   AAA-   AAAW   AAW-   
    (5:1)  (5:2)  (5:3)  (5:4)  (5:5)  
    A*--   A---   AA--   AAA-   A---   
->abort
  state:5.1, ok
  Mission aborted. Try test(3,5,7,15,30)
