  state:0.0, ok
  Welcome! Try test(3,5,7,15,30)
->play
  state:1.0, mode:play, ok
  Movement:none
    (1:1)  (1:2)  (1:3)  (1:4)  (1:5)  
    E---   *---   P---   ----   PP--   
    (2:1)  (2:2)  (2:3)  (2:4)  (2:5)  
    ----   ----   W---   ----   P---   
    (3:1)  (3:2)  (3:3)  (3:4)  (3:5)  
    MY--   ----   O---   PW--   ----   
    (4:1)  (4:2)  (4:3)  (4:4)  (4:5)  
    W---   M*--   P---   P*--   ----   
    (5:1)  (5:2)  (5:3)  (5:4)  (5:5)  
    BW--   ----   *---   ----   PW--   
->pass
  state:2.0, mode:play, ok
  Movement:
    [3,P]:[1,5,2]->[5,4,1]
    [8,P]:[4,3,1]->[3,2,1]
    (1:1)  (1:2)  (1:3)  (1:4)  (1:5)  
    E---   *---   P---   ----   P---   
    (2:1)  (2:2)  (2:3)  (2:4)  (2:5)  
    ----   ----   W---   ----   P---   
    (3:1)  (3:2)  (3:3)  (3:4)  (3:5)  
    MY--   P---   O---   PW--   ----   
    (4:1)  (4:2)  (4:3)  (4:4)  (4:5)  
    W---   M*--   ----   P*--   ----   
    (5:1)  (5:2)  (5:3)  (5:4)  (5:5)  
    BW--   ----   *---   P---   PW--   
->pass
  state:3.0, mode:play, ok
  Movement:
    [5,M]:[3,1,1]->[3,5,1]
    [8,P]:[3,2,1]->[2,1,1]
    [10,B]:[5,1,1]->[5,2,1]
    (1:1)  (1:2)  (1:3)  (1:4)  (1:5)  
    E---   *---   P---   ----   P---   
    (2:1)  (2:2)  (2:3)  (2:4)  (2:5)  
    P---   ----   W---   ----   P---   
    (3:1)  (3:2)  (3:3)  (3:4)  (3:5)  
    -Y--   ----   O---   PW--   M---   
    (4:1)  (4:2)  (4:3)  (4:4)  (4:5)  
    W---   M*--   ----   P*--   ----   
    (5:1)  (5:2)  (5:3)  (5:4)  (5:5)  
    -W--   B---   *---   P---   PW--   
->pass
  state:4.0, mode:play, ok
  Movement:
    [1,P]:[1,3,1]->[2,4,1]
    [2,P]:[1,5,1]->[2,5,2]
    [4,P]:[2,5,1]->[2,4,2]
    [6,P]:[3,4,1]->[2,3,2]
    [7,M]:[4,2,1]->[5,1,1]
    [10,B]:[5,2,1]->[5,1,3]
      reproduced [12,B] at [5,1,4]
      destroyed [7,M] at [5,1,1]
    [11,P]:[5,5,1]->[4,4,3]
    (1:1)  (1:2)  (1:3)  (1:4)  (1:5)  
    E---   *---   ----   ----   ----   
    (2:1)  (2:2)  (2:3)  (2:4)  (2:5)  
    P---   ----   WP--   PP--   -P--   
    (3:1)  (3:2)  (3:3)  (3:4)  (3:5)  
    -Y--   ----   O---   -W--   M---   
    (4:1)  (4:2)  (4:3)  (4:4)  (4:5)  
    W---   -*--   ----   P*P-   ----   
    (5:1)  (5:2)  (5:3)  (5:4)  (5:5)  
    -WBB   ----   *---   P---   -W--   
->pass
  state:5.0, mode:play, ok
  Movement:
    [2,P]:[2,5,2]->[1,5,1]
    [3,P]:[5,4,1]->[1,4,1]
    [6,P]:[2,3,2]->[3,2,1]
    [8,P]:[2,1,1]->[1,5,2]
    [12,B]:[5,1,4]->[5,3,2]
    (1:1)  (1:2)  (1:3)  (1:4)  (1:5)  
    E---   *---   ----   P---   PP--   
    (2:1)  (2:2)  (2:3)  (2:4)  (2:5)  
    ----   ----   W---   PP--   ----   
    (3:1)  (3:2)  (3:3)  (3:4)  (3:5)  
    -Y--   P---   O---   -W--   M---   
    (4:1)  (4:2)  (4:3)  (4:4)  (4:5)  
    W---   -*--   ----   P*P-   ----   
    (5:1)  (5:2)  (5:3)  (5:4)  (5:5)  
    -WB-   ----   *B--   ----   -W--   
->pass
  state:6.0, mode:play, ok
  Movement:
    [1,P]:[2,4,1]->[1,3,1]
    [3,P]:[1,4,1]->[1,3,2]
    [5,M]:[3,5,1]->[2,1,1]
      reproduced [13,M] at [2,1,2]
    [6,P]:[3,2,1]->[2,1,3]
    (1:1)  (1:2)  (1:3)  (1:4)  (1:5)  
    E---   *---   PP--   ----   PP--   
    (2:1)  (2:2)  (2:3)  (2:4)  (2:5)  
    MMP-   ----   W---   -P--   ----   
    (3:1)  (3:2)  (3:3)  (3:4)  (3:5)  
    -Y--   ----   O---   -W--   ----   
    (4:1)  (4:2)  (4:3)  (4:4)  (4:5)  
    W---   -*--   ----   P*P-   ----   
    (5:1)  (5:2)  (5:3)  (5:4)  (5:5)  
    -WB-   ----   *B--   ----   -W--   
->pass
  state:7.0, mode:play, ok
  Movement:
    [2,P]:[1,5,1]->[1,1,2]
    [4,P]:[2,4,2]->[2,5,1]
    [8,P]:[1,5,2]->[1,1,3]
    [10,B]:[5,1,3]->[5,1,1]
    [13,M]:[2,1,2]->[1,2,2]
    (1:1)  (1:2)  (1:3)  (1:4)  (1:5)  
    EPP-   *M--   PP--   ----   ----   
    (2:1)  (2:2)  (2:3)  (2:4)  (2:5)  
    M-P-   ----   W---   ----   P---   
    (3:1)  (3:2)  (3:3)  (3:4)  (3:5)  
    -Y--   ----   O---   -W--   ----   
    (4:1)  (4:2)  (4:3)  (4:4)  (4:5)  
    W---   -*--   ----   P*P-   ----   
    (5:1)  (5:2)  (5:3)  (5:4)  (5:5)  
    BW--   ----   *B--   ----   -W--   
->pass
  state:8.0, mode:play, ok
  Movement:
    [2,P]:[1,1,2]->[5,5,1]
    [5,M]:[2,1,1]->[3,1,1]
    [6,P]:[2,1,3]->[2,5,2]
    [12,B]:[5,3,2]->[5,2,1]
      reproduced [14,B] at [5,2,2]
    (1:1)  (1:2)  (1:3)  (1:4)  (1:5)  
    E-P-   *M--   PP--   ----   ----   
    (2:1)  (2:2)  (2:3)  (2:4)  (2:5)  
    ----   ----   W---   ----   PP--   
    (3:1)  (3:2)  (3:3)  (3:4)  (3:5)  
    MY--   ----   O---   -W--   ----   
    (4:1)  (4:2)  (4:3)  (4:4)  (4:5)  
    W---   -*--   ----   P*P-   ----   
    (5:1)  (5:2)  (5:3)  (5:4)  (5:5)  
    BW--   BB--   *---   ----   PW--   
->pass
  state:9.0, mode:play, ok
  Movement:
    [1,P]:[1,3,1]->[5,3,2]
    [3,P]:[1,3,2]->[2,4,1]
    [5,M]:[3,1,1]->[4,1,2]
      reproduced [15,M] at [4,1,3]
    [10,B]:[5,1,1]->[2,5,3]
      reproduced [16,B] at [2,5,4]
    [12,B]:[5,2,1]->[1,1,2]
    (1:1)  (1:2)  (1:3)  (1:4)  (1:5)  
    EBP-   *M--   ----   ----   ----   
    (2:1)  (2:2)  (2:3)  (2:4)  (2:5)  
    ----   ----   W---   P---   PPBB   
    (3:1)  (3:2)  (3:3)  (3:4)  (3:5)  
    -Y--   ----   O---   -W--   ----   
    (4:1)  (4:2)  (4:3)  (4:4)  (4:5)  
    WMM-   -*--   ----   P*P-   ----   
    (5:1)  (5:2)  (5:3)  (5:4)  (5:5)  
    -W--   -B--   *P--   ----   PW--   
->pass
  state:10.0, mode:play, ok
  Movement:
    [4,P]:[2,5,1]->[2,4,2]
    [6,P]:[2,5,2]->[2,4,3]
    [8,P]:[1,1,3]->[5,5,3]
    [13,M]:[1,2,2]->[2,3,2]
      reproduced [17,M] at [2,3,3]
    (1:1)  (1:2)  (1:3)  (1:4)  (1:5)  
    EB--   *---   ----   ----   ----   
    (2:1)  (2:2)  (2:3)  (2:4)  (2:5)  
    ----   ----   WMM-   PPP-   --BB   
    (3:1)  (3:2)  (3:3)  (3:4)  (3:5)  
    -Y--   ----   O---   -W--   ----   
    (4:1)  (4:2)  (4:3)  (4:4)  (4:5)  
    WMM-   -*--   ----   P*P-   ----   
    (5:1)  (5:2)  (5:3)  (5:4)  (5:5)  
    -W--   -B--   *P--   ----   PWP-   
->pass
  state:11.0, mode:play, ok
  Movement:
    [2,P]:[5,5,1]->[4,5,1]
    [4,P]:[2,4,2]->[1,3,1]
    [5,M]:[4,1,2]->[1,4,1]
    [8,P]:[5,5,3]->[5,1,1]
    [12,B]:[1,1,2]->[5,1,3]
    [14,B]:[5,2,2]->[4,1,2]
      destroyed [15,M] at [4,1,3]
    (1:1)  (1:2)  (1:3)  (1:4)  (1:5)  
    E---   *---   P---   M---   ----   
    (2:1)  (2:2)  (2:3)  (2:4)  (2:5)  
    ----   ----   WMM-   P-P-   --BB   
    (3:1)  (3:2)  (3:3)  (3:4)  (3:5)  
    -Y--   ----   O---   -W--   ----   
    (4:1)  (4:2)  (4:3)  (4:4)  (4:5)  
    WB--   -*--   ----   P*P-   P---   
    (5:1)  (5:2)  (5:3)  (5:4)  (5:5)  
    PW--   ----   *P--   ----   -W--   
->pass
  state:12.0, mode:play, ok
  Movement:
    [3,P]:[2,4,1]->[1,5,1]
    [5,M]:[1,4,1]->[2,5,1]
    [10,B]:[2,5,3]->[1,5,2]
    [13,M]:[2,3,2]->[4,2,1]
    [14,B]:[4,1,2]->[1,1,2]
      reproduced [18,B] at [1,1,3]
    [16,B]:[2,5,4]->[1,1,4]
    [17,M]:[2,3,3]->[4,5,2]
    (1:1)  (1:2)  (1:3)  (1:4)  (1:5)  
    EBBB   *---   P---   ----   PB--   
    (2:1)  (2:2)  (2:3)  (2:4)  (2:5)  
    ----   ----   W---   --P-   ----   
    (3:1)  (3:2)  (3:3)  (3:4)  (3:5)  
    -Y--   ----   O---   -W--   ----   
    (4:1)  (4:2)  (4:3)  (4:4)  (4:5)  
    W---   M*--   ----   P*P-   PM--   
    (5:1)  (5:2)  (5:3)  (5:4)  (5:5)  
    PW--   ----   *P--   ----   -W--   
->pass
  state:13.0, mode:play, ok
  Movement:
    [2,P]:[4,5,1]->[5,5,1]
    [3,P]:[1,5,1]->[5,1,3]
    [6,P]:[2,4,3]->[3,4,1]
    [10,B]:[1,5,2]->[5,1,4]
    [17,M]:[4,5,2]->[3,1,1]
      reproduced [19,M] at [3,1,3]
    (1:1)  (1:2)  (1:3)  (1:4)  (1:5)  
    EBBB   *---   P---   ----   ----   
    (2:1)  (2:2)  (2:3)  (2:4)  (2:5)  
    ----   ----   W---   ----   ----   
    (3:1)  (3:2)  (3:3)  (3:4)  (3:5)  
    MYM-   ----   O---   PW--   ----   
    (4:1)  (4:2)  (4:3)  (4:4)  (4:5)  
    W---   M*--   ----   P*P-   ----   
    (5:1)  (5:2)  (5:3)  (5:4)  (5:5)  
    PWP-   ----   *P--   ----   PW--   
->pass
  state:14.0, mode:play, ok
  Movement:
    [2,P]:[5,5,1]->[5,4,1]
    [4,P]:[1,3,1]->[2,2,1]
    [8,P]:[5,1,1]->[1,2,2]
    [13,M]:[4,2,1]->[3,3,2]
    [14,B]:[1,1,2]->[5,5,1]
    [17,M]:[3,1,1]->[4,5,1]
    (1:1)  (1:2)  (1:3)  (1:4)  (1:5)  
    E-BB   *P--   ----   ----   ----   
    (2:1)  (2:2)  (2:3)  (2:4)  (2:5)  
    ----   P---   W---   ----   ----   
    (3:1)  (3:2)  (3:3)  (3:4)  (3:5)  
    -YM-   ----   O---   PW--   ----   
    (4:1)  (4:2)  (4:3)  (4:4)  (4:5)  
    W---   -*--   ----   P*P-   M---   
    (5:1)  (5:2)  (5:3)  (5:4)  (5:5)  
    -WP-   ----   *P--   P---   BW--   
->pass
  state:15.0, mode:play, ok
  Movement:
    [3,P]:[5,1,3]->[5,5,3]
    [6,P]:[3,4,1]->[3,5,1]
    [14,B]:[5,5,1]->[3,1,1]
      reproduced [20,B] at [3,1,4]
      destroyed [19,M] at [3,1,3]
    [16,B]:[1,1,4]->[1,2,3]
      reproduced [21,B] at [1,2,4]
    [18,B]:[1,1,3]
    (1:1)  (1:2)  (1:3)  (1:4)  (1:5)  
    E-B-   *PBB   ----   ----   ----   
    (2:1)  (2:2)  (2:3)  (2:4)  (2:5)  
    ----   P---   W---   ----   ----   
    (3:1)  (3:2)  (3:3)  (3:4)  (3:5)  
    BY-B   ----   O---   -W--   P---   
    (4:1)  (4:2)  (4:3)  (4:4)  (4:5)  
    W---   -*--   ----   P*P-   M---   
    (5:1)  (5:2)  (5:3)  (5:4)  (5:5)  
    -W--   ----   *P--   P---   -WP-   
->pass
  state:16.0, mode:play, ok
  Movement:
    [4,P]:[2,2,1]->[3,2,1]
    [6,P]:[3,5,1]->[3,1,3]
    [14,B]:[3,1,1]->[2,2,1]
    [16,B]:[1,2,3]->[2,3,2]
    [18,B]:[1,1,3]->[5,1,1]
      reproduced [22,B] at [5,1,3]
    [20,B]:[3,1,4]->[2,2,2]
    (1:1)  (1:2)  (1:3)  (1:4)  (1:5)  
    E---   *P-B   ----   ----   ----   
    (2:1)  (2:2)  (2:3)  (2:4)  (2:5)  
    ----   BB--   WB--   ----   ----   
    (3:1)  (3:2)  (3:3)  (3:4)  (3:5)  
    -YP-   P---   O---   -W--   ----   
    (4:1)  (4:2)  (4:3)  (4:4)  (4:5)  
    W---   -*--   ----   P*P-   M---   
    (5:1)  (5:2)  (5:3)  (5:4)  (5:5)  
    BWB-   ----   *P--   P---   -WP-   
->pass
  state:17.0, mode:play, ok
  Movement:
    [2,P]:[5,4,1]->[4,4,4]
    [3,P]:[5,5,3]->[5,4,1]
    [17,M]:[4,5,1]
      reproduced [23,M] at [4,5,2]
    [18,B]:[5,1,1]->[1,1,2]
    [21,B]:[1,2,4]->[1,1,3]
    [22,B]:[5,1,3]->[2,3,3]
    (1:1)  (1:2)  (1:3)  (1:4)  (1:5)  
    EBB-   *P--   ----   ----   ----   
    (2:1)  (2:2)  (2:3)  (2:4)  (2:5)  
    ----   BB--   WBB-   ----   ----   
    (3:1)  (3:2)  (3:3)  (3:4)  (3:5)  
    -YP-   P---   O---   -W--   ----   
    (4:1)  (4:2)  (4:3)  (4:4)  (4:5)  
    W---   -*--   ----   P*PP   MM--   
    (5:1)  (5:2)  (5:3)  (5:4)  (5:5)  
    -W--   ----   *P--   P---   -W--   
->move(S)
  state:18.0, mode:play, ok
  Movement:
    [0,E]:[1,1,1]->[2,1,1]
    [4,P]:[3,2,1]->[4,1,2]
    [16,B]:[2,3,2]->[5,1,1]
      reproduced [24,B] at [5,1,3]
    [17,M]:[4,5,1]->[3,1,1]
    [22,B]:[2,3,3]->[4,1,3]
      reproduced [25,B] at [4,1,4]
    [23,M]:[4,5,2]->[5,1,4]
    (1:1)  (1:2)  (1:3)  (1:4)  (1:5)  
    -BB-   *P--   ----   ----   ----   
    (2:1)  (2:2)  (2:3)  (2:4)  (2:5)  
    E---   BB--   W---   ----   ----   
    (3:1)  (3:2)  (3:3)  (3:4)  (3:5)  
    MYP-   ----   O---   -W--   ----   
    (4:1)  (4:2)  (4:3)  (4:4)  (4:5)  
    WPBB   -*--   ----   P*PP   ----   
    (5:1)  (5:2)  (5:3)  (5:4)  (5:5)  
    BWBM   ----   *P--   P---   -W--   
->move(S)
  state:19.0, mode:play, ok
  Movement:
    [0,E]:[2,1,1]->[3,1,4]
    [3,P]:[5,4,1]->[1,5,1]
    [14,B]:[2,2,1]
      reproduced [26,B] at [2,2,3]
    [20,B]:[2,2,2]->[2,3,2]
      reproduced [27,B] at [2,3,3]
    [24,B]:[5,1,3]->[4,3,1]
    (1:1)  (1:2)  (1:3)  (1:4)  (1:5)  
    -BB-   *P--   ----   ----   P---   
    (2:1)  (2:2)  (2:3)  (2:4)  (2:5)  
    ----   B-B-   WBB-   ----   ----   
    (3:1)  (3:2)  (3:3)  (3:4)  (3:5)  
    MYPE   ----   O---   -W--   ----   
    (4:1)  (4:2)  (4:3)  (4:4)  (4:5)  
    WPBB   -*--   B---   P*PP   ----   
    (5:1)  (5:2)  (5:3)  (5:4)  (5:5)  
    BW-M   ----   *P--   ----   -W--   
->land
  state:20.0, mode:play, ok
  Tranquility base here - we've got a life!
->abort
  state:20.1, error
  Negative on that request:no mission in progress.
->play
  state:21.0, mode:play, ok
  Movement:none
    (1:1)  (1:2)  (1:3)  (1:4)  (1:5)  
    E---   ----   B---   B*--   ----   
    (2:1)  (2:2)  (2:3)  (2:4)  (2:5)  
    BB--   J---   B*--   P---   P---   
    (3:1)  (3:2)  (3:3)  (3:4)  (3:5)  
    *---   B---   O---   B---   Y---   
    (4:1)  (4:2)  (4:3)  (4:4)  (4:5)  
    P*--   Y---   ----   BY--   ----   
    (5:1)  (5:2)  (5:3)  (5:4)  (5:5)  
    P---   J---   Y---   Y---   PY--   
->pass
  state:22.0, mode:play, ok
  Movement:
    [1,B]:[1,3,1]->[5,3,2]
    [4,B]:[2,1,2]->[2,5,2]
    [7,P]:[2,4,1]->[3,5,2]
    [8,P]:[2,5,1]->[2,4,1]
    [9,B]:[3,2,1]->[4,3,1]
    [12,B]:[4,4,1]->[3,4,2]
    [14,J]:[5,2,1]->[1,2,1]
    (1:1)  (1:2)  (1:3)  (1:4)  (1:5)  
    E---   J---   ----   B*--   ----   
    (2:1)  (2:2)  (2:3)  (2:4)  (2:5)  
    B---   J---   B*--   P---   -B--   
    (3:1)  (3:2)  (3:3)  (3:4)  (3:5)  
    *---   ----   O---   BB--   YP--   
    (4:1)  (4:2)  (4:3)  (4:4)  (4:5)  
    P*--   Y---   B---   -Y--   ----   
    (5:1)  (5:2)  (5:3)  (5:4)  (5:5)  
    P---   ----   YB--   Y---   PY--   
->pass
  state:23.0, mode:play, ok
  Movement:
    [6,B]:[2,3,1]->[1,3,1]
    [10,B]:[3,4,1]->[3,5,3]
    (1:1)  (1:2)  (1:3)  (1:4)  (1:5)  
    E---   J---   B---   B*--   ----   
    (2:1)  (2:2)  (2:3)  (2:4)  (2:5)  
    B---   J---   -*--   P---   -B--   
    (3:1)  (3:2)  (3:3)  (3:4)  (3:5)  
    *---   ----   O---   -B--   YPB-   
    (4:1)  (4:2)  (4:3)  (4:4)  (4:5)  
    P*--   Y---   B---   -Y--   ----   
    (5:1)  (5:2)  (5:3)  (5:4)  (5:5)  
    P---   ----   YB--   Y---   PY--   
->pass
  state:24.0, mode:play, ok
  Movement:
    [2,B]:[1,4,1]->[1,3,2]
    [3,B]:[2,1,1]->[2,5,1]
    [4,B]:[2,5,2]->[1,1,2]
      reproduced [16,B] at [1,1,3]
    [5,J]:[2,2,1]->[1,1,4]
    [6,B]:[1,3,1]->[2,3,1]
      reproduced [17,B] at [2,3,3]
    [8,P]:[2,4,1]->[2,5,2]
    [9,B]:[4,3,1]->[4,4,1]
      reproduced [18,B] at [4,4,3]
    [12,B]:[3,4,2]->[3,5,4]
    [13,P]:[5,1,1]->[1,5,1]
    (1:1)  (1:2)  (1:3)  (1:4)  (1:5)  
    EBBJ   J---   -B--   -*--   P---   
    (2:1)  (2:2)  (2:3)  (2:4)  (2:5)  
    ----   ----   B*B-   ----   BP--   
    (3:1)  (3:2)  (3:3)  (3:4)  (3:5)  
    *---   ----   O---   ----   YPBB   
    (4:1)  (4:2)  (4:3)  (4:4)  (4:5)  
    P*--   Y---   ----   BYB-   ----   
    (5:1)  (5:2)  (5:3)  (5:4)  (5:5)  
    ----   ----   YB--   Y---   PY--   
->pass
  state:25.0, mode:play, ok
  Movement:
    [1,B]:[5,3,2]->[4,2,2]
      reproduced [19,B] at [4,2,3]
    [2,B]:[1,3,2]->[1,2,2]
      reproduced [20,B] at [1,2,3]
    [3,B]:[2,5,1]->[3,1,2]
      reproduced [21,B] at [3,1,3]
    [4,B]:[1,1,2]->[2,1,1]
    [8,P]:[2,5,2]->[1,5,2]
    [10,B]:[3,5,3]->[2,5,1]
      reproduced [22,B] at [2,5,2]
    [12,B]:[3,5,4]->[4,5,1]
      reproduced [23,B] at [4,5,2]
    [14,J]:[1,2,1]->[2,2,1]
    [17,B]:[2,3,3]->[1,4,1]
    (1:1)  (1:2)  (1:3)  (1:4)  (1:5)  
    E-BJ   -BB-   ----   B*--   PP--   
    (2:1)  (2:2)  (2:3)  (2:4)  (2:5)  
    ----   J---   B*--   ----   BB--   
    (3:1)  (3:2)  (3:3)  (3:4)  (3:5)  
    *BB-   ----   O---   ----   YP--   
    (4:1)  (4:2)  (4:3)  (4:4)  (4:5)  
    P*--   YBB-   ----   BYB-   BB--   
    (5:1)  (5:2)  (5:3)  (5:4)  (5:5)  
    ----   ----   Y---   Y---   PY--   
->pass
  state:26.0, mode:play, ok
  Movement:
    [9,B]:[4,4,1]->[3,3,2]
    [13,P]:[1,5,1]->[2,1,1]
    [18,B]:[4,4,3]->[3,3,2]
    [21,B]:[3,1,3]->[3,5,3]
    [22,B]:[2,5,2]->[2,4,1]
    (1:1)  (1:2)  (1:3)  (1:4)  (1:5)  
    E-BJ   -BB-   ----   B*--   -P--   
    (2:1)  (2:2)  (2:3)  (2:4)  (2:5)  
    P---   J---   B*--   B---   B---   
    (3:1)  (3:2)  (3:3)  (3:4)  (3:5)  
    *B--   ----   O---   ----   YPB-   
    (4:1)  (4:2)  (4:3)  (4:4)  (4:5)  
    P*--   YBB-   ----   -Y--   BB--   
    (5:1)  (5:2)  (5:3)  (5:4)  (5:5)  
    ----   ----   Y---   Y---   PY--   
->pass
  state:27.0, mode:play, ok
  Movement:
    [1,B]:[4,2,2]->[5,3,2]
    [2,B]:[1,2,2]->[5,3,3]
    [3,B]:[3,1,2]->[3,2,1]
    [5,J]:[1,1,4]->[5,1,1]
    [6,B]:[2,3,1]->[1,2,1]
    [8,P]:[1,5,2]->[1,1,2]
    [10,B]:[2,5,1]->[2,4,2]
    [12,B]:[4,5,1]->[4,1,3]
    [16,B]:[1,1,3]->[5,2,1]
    [17,B]:[1,4,1]->[1,3,1]
      reproduced [24,B] at [1,3,2]
    [22,B]:[2,4,1]->[3,5,4]
    [23,B]:[4,5,2]->[5,5,3]
    (1:1)  (1:2)  (1:3)  (1:4)  (1:5)  
    EP--   B-B-   BB--   -*--   ----   
    (2:1)  (2:2)  (2:3)  (2:4)  (2:5)  
    P---   J---   -*--   -B--   ----   
    (3:1)  (3:2)  (3:3)  (3:4)  (3:5)  
    *---   B---   O---   ----   YPBB   
    (4:1)  (4:2)  (4:3)  (4:4)  (4:5)  
    P*B-   Y-B-   ----   -Y--   ----   
    (5:1)  (5:2)  (5:3)  (5:4)  (5:5)  
    J---   B---   YBB-   Y---   PYB-   
->pass
  state:28.0, mode:play, ok
  Movement:
    [6,B]:[1,2,1]->[5,2,2]
      reproduced [25,B] at [5,2,3]
    [12,B]:[4,1,3]
      reproduced [26,B] at [4,1,4]
    [13,P]:[2,1,1]->[1,2,1]
    [14,J]:[2,2,1]->[1,1,3]
      reproduced [27,J] at [1,1,4]
    [19,B]:[4,2,3]->[5,1,2]
    [20,B]:[1,2,3]->[5,3,4]
    [22,B]:[3,5,4]->[2,1,1]
      reproduced [28,B] at [2,1,2]
    (1:1)  (1:2)  (1:3)  (1:4)  (1:5)  
    EPJJ   P---   BB--   -*--   ----   
    (2:1)  (2:2)  (2:3)  (2:4)  (2:5)  
    BB--   ----   -*--   -B--   ----   
    (3:1)  (3:2)  (3:3)  (3:4)  (3:5)  
    *---   B---   O---   ----   YPB-   
    (4:1)  (4:2)  (4:3)  (4:4)  (4:5)  
    P*BB   Y---   ----   -Y--   ----   
    (5:1)  (5:2)  (5:3)  (5:4)  (5:5)  
    JB--   BBB-   YBBB   Y---   PYB-   
->pass
  state:29.0, mode:play, ok
  Movement:
    [1,B]:[5,3,2]->[4,2,2]
      reproduced [29,B] at [4,2,3]
    [2,B]:[5,3,3]->[1,3,3]
      reproduced [30,B] at [1,3,4]
    [5,J]:[5,1,1]->[4,2,4]
    [13,P]:[1,2,1]->[2,1,3]
    [14,J]:[1,1,3]->[5,2,4]
    [16,B]:[5,2,1]->[1,2,1]
      reproduced [31,B] at [1,2,2]
    [17,B]:[1,3,1]->[2,2,1]
    [21,B]:[3,5,3]->[3,4,1]
      reproduced [32,B] at [3,4,2]
    [22,B]:[2,1,1]->[2,5,1]
    [23,B]:[5,5,3]->[1,4,1]
      reproduced [33,B] at [1,4,3]
    [28,B]:[2,1,2]->[1,2,3]
    (1:1)  (1:2)  (1:3)  (1:4)  (1:5)  
    EP-J   BBB-   -BBB   B*B-   ----   
    (2:1)  (2:2)  (2:3)  (2:4)  (2:5)  
    --P-   B---   -*--   -B--   B---   
    (3:1)  (3:2)  (3:3)  (3:4)  (3:5)  
    *---   B---   O---   BB--   YP--   
    (4:1)  (4:2)  (4:3)  (4:4)  (4:5)  
    P*BB   YBBJ   ----   -Y--   ----   
    (5:1)  (5:2)  (5:3)  (5:4)  (5:5)  
    -B--   -BBJ   Y--B   Y---   PY--   
->pass
  state:30.0, mode:play, ok
  Movement:
    [3,B]:[3,2,1]->[2,2,2]
      reproduced [34,B] at [2,2,3]
    [8,P]:[1,1,2]->[5,5,3]
    [10,B]:[2,4,2]->[2,5,2]
    [24,B]:[1,3,2]->[5,2,1]
    [26,B]:[4,1,4]
    [27,J]:[1,1,4]->[2,2,4]
    [33,B]:[1,4,3]->[5,4,2]
    (1:1)  (1:2)  (1:3)  (1:4)  (1:5)  
    E---   BBB-   --BB   B*--   ----   
    (2:1)  (2:2)  (2:3)  (2:4)  (2:5)  
    --P-   BBBJ   -*--   ----   B---   
    (3:1)  (3:2)  (3:3)  (3:4)  (3:5)  
    *---   ----   O---   BB--   YP--   
    (4:1)  (4:2)  (4:3)  (4:4)  (4:5)  
    P*BB   YBBJ   ----   -Y--   ----   
    (5:1)  (5:2)  (5:3)  (5:4)  (5:5)  
    -B--   BBBJ   Y--B   YB--   PYP-   
->pass
  state:31.0, mode:play, ok
  Movement:
    [2,B]:[1,3,3]->[1,4,3]
    [5,J]:[4,2,4]->[5,1,1]
      reproduced [35,J] at [5,1,3]
    [6,B]:[5,2,2]->[5,3,2]
    [12,B]:[4,1,3]->[4,5,1]
    [13,P]:[2,1,3]->[3,1,2]
    [17,B]:[2,2,1]->[3,1,3]
      reproduced [36,B] at [3,1,4]
    [19,B]:[5,1,2]->[4,2,4]
    [20,B]:[5,3,4]->[5,2,2]
    [25,B]:[5,2,3]->[1,3,1]
    [26,B]:[4,1,4]
      reproduced [37,B] at [4,1,3]
    [27,J]:[2,2,4]
    [28,B]:[1,2,3]->[2,1,1]
      reproduced [38,B] at [2,1,2]
    [30,B]:[1,3,4]->[5,3,3]
    [31,B]:[1,2,2]->[5,3,4]
    [32,B]:[3,4,2]->[3,3,2]
    (1:1)  (1:2)  (1:3)  (1:4)  (1:5)  
    E---   B---   B---   B*B-   ----   
    (2:1)  (2:2)  (2:3)  (2:4)  (2:5)  
    BB--   -BBJ   -*--   ----   B---   
    (3:1)  (3:2)  (3:3)  (3:4)  (3:5)  
    *PBB   ----   O---   B---   YP--   
    (4:1)  (4:2)  (4:3)  (4:4)  (4:5)  
    P*BB   YBBB   ----   -Y--   B---   
    (5:1)  (5:2)  (5:3)  (5:4)  (5:5)  
    J-J-   BB-J   YBBB   YB--   PYP-   
->pass
  state:32.0, mode:play, ok
  Movement:
    [1,B]:[4,2,2]
    [3,B]:[2,2,2]->[3,2,1]
    [14,J]:[5,2,4]->[5,1,2]
    [16,B]:[1,2,1]->[2,3,1]
    [21,B]:[3,4,1]->[2,5,2]
    [22,B]:[2,5,1]->[1,5,1]
    [23,B]:[1,4,1]->[2,4,1]
    [29,B]:[4,2,3]->[4,3,1]
    [30,B]:[5,3,3]->[1,4,1]
      reproduced [39,B] at [1,4,4]
    [33,B]:[5,4,2]->[4,5,2]
      reproduced [40,B] at [4,5,3]
    [34,B]:[2,2,3]
    [35,J]:[5,1,3]->[1,2,1]
    (1:1)  (1:2)  (1:3)  (1:4)  (1:5)  
    E---   J---   B---   B*BB   ----   
    (2:1)  (2:2)  (2:3)  (2:4)  (2:5)  
    BB--   --BJ   B*--   B---   -B--   
    (3:1)  (3:2)  (3:3)  (3:4)  (3:5)  
    *PBB   ----   O---   ----   YP--   
    (4:1)  (4:2)  (4:3)  (4:4)  (4:5)  
    P*BB   YB-B   B---   -Y--   BBB-   
    (5:1)  (5:2)  (5:3)  (5:4)  (5:5)  
    J---   BB--   YB-B   Y---   PYP-   
->pass
  state:33.0, mode:play, ok
  Movement:
    [1,B]:[4,2,2]->[4,3,2]
      reproduced [41,B] at [4,3,3]
    [2,B]:[1,4,3]->[5,3,3]
    [5,J]:[5,1,1]->[4,5,4]
    [6,B]:[5,3,2]->[4,2,2]
      reproduced [42,B] at [4,2,3]
    [12,B]:[4,5,1]
    [19,B]:[4,2,4]->[4,3,4]
    [24,B]:[5,2,1]->[1,2,2]
      reproduced [43,B] at [1,2,3]
    [25,B]:[1,3,1]->[2,2,1]
      reproduced [44,B] at [2,2,2]
    [26,B]:[4,1,4]
    [27,J]:[2,2,4]->[1,2,4]
    [29,B]:[4,3,1]->[3,2,1]
      reproduced [45,B] at [3,2,2]
    [30,B]:[1,4,1]->[5,5,4]
    [31,B]:[5,3,4]->[5,4,2]
      reproduced [46,B] at [5,4,3]
    [34,B]:[2,2,3]->[1,1,2]
      reproduced [47,B] at [1,1,3]
    [39,B]:[1,4,4]->[1,3,1]
    [40,B]:[4,5,3]->[4,4,1]
    (1:1)  (1:2)  (1:3)  (1:4)  (1:5)  
    EBB-   JBBJ   B---   -*--   ----   
    (2:1)  (2:2)  (2:3)  (2:4)  (2:5)  
    BB--   BB--   B*--   B---   -B--   
    (3:1)  (3:2)  (3:3)  (3:4)  (3:5)  
    *PBB   BB--   O---   ----   YP--   
    (4:1)  (4:2)  (4:3)  (4:4)  (4:5)  
    P*BB   YBB-   -BBB   BY--   BB-J   
    (5:1)  (5:2)  (5:3)  (5:4)  (5:5)  
    ----   -B--   Y-B-   YBB-   PYPB   
->pass
  state:34.0, mode:play, ok
  Movement:
    [6,B]:[4,2,2]->[3,2,3]
    [12,B]:[4,5,1]->[3,4,1]
      reproduced [48,B] at [3,4,2]
    [17,B]:[3,1,3]->[4,5,1]
    [20,B]:[5,2,2]->[1,3,2]
      reproduced [49,B] at [1,3,3]
    [24,B]:[1,2,2]->[1,3,4]
    [25,B]:[2,2,1]->[3,2,4]
    [27,J]:[1,2,4]->[5,3,2]
      reproduced [50,J] at [5,3,4]
    [28,B]:[2,1,1]->[1,1,4]
    [29,B]:[3,2,1]->[4,3,1]
    [31,B]:[5,4,2]->[1,3,4]
    [36,B]:[3,1,4]->[2,2,1]
    [37,B]:[4,1,3]->[4,5,3]
    [38,B]:[2,1,2]->[3,5,3]
    [39,B]:[1,3,1]->[2,3,3]
      reproduced [51,B] at [2,3,4]
    [41,B]:[4,3,3]->[4,4,3]
    (1:1)  (1:2)  (1:3)  (1:4)  (1:5)  
    EBB-   J-B-   -BBB   -*--   ----   
    (2:1)  (2:2)  (2:3)  (2:4)  (2:5)  
    ----   BB--   B*BB   B---   -B--   
    (3:1)  (3:2)  (3:3)  (3:4)  (3:5)  
    *P--   -BB-   O---   BB--   YPB-   
    (4:1)  (4:2)  (4:3)  (4:4)  (4:5)  
    P*-B   Y-B-   -B-B   BYB-   BBBJ   
    (5:1)  (5:2)  (5:3)  (5:4)  (5:5)  
    ----   ----   YJBJ   Y-B-   PYPB   
->pass
  state:35.0, mode:play, ok
  Movement:
    [2,B]:[5,3,3]->[4,3,1]
      reproduced [52,B] at [4,3,3]
    [6,B]:[3,2,3]->[2,2,3]
      reproduced [53,B] at [2,2,4]
    [16,B]:[2,3,1]->[3,2,1]
      reproduced [54,B] at [3,2,3]
    [17,B]:[4,5,1]->[4,1,3]
    [21,B]:[2,5,2]->[2,4,2]
    [23,B]:[2,4,1]->[3,3,2]
    [26,B]:[4,1,4]->[3,5,4]
    [31,B]:[1,3,4]->[1,2,2]
      reproduced [55,B] at [1,2,4]
    [33,B]:[4,5,2]
    [34,B]:[1,1,2]->[5,1,1]
    [35,J]:[1,2,1]->[5,3,3]
    [45,B]:[3,2,2]->[4,2,2]
    [46,B]:[5,4,3]->[4,4,4]
    [49,B]:[1,3,3]->[2,3,1]
    (1:1)  (1:2)  (1:3)  (1:4)  (1:5)  
    E-B-   -BBB   -B--   -*--   ----   
    (2:1)  (2:2)  (2:3)  (2:4)  (2:5)  
    ----   BBBB   B*BB   ----   ----   
    (3:1)  (3:2)  (3:3)  (3:4)  (3:5)  
    *P--   B-B-   O---   BB--   YPBB   
    (4:1)  (4:2)  (4:3)  (4:4)  (4:5)  
    P*B-   YBB-   BBBB   BYBB   -BBJ   
    (5:1)  (5:2)  (5:3)  (5:4)  (5:5)  
    B---   ----   YJJJ   Y---   PYPB   
->pass
  state:36.0, mode:play, ok
  Movement:
    [1,B]:[4,3,2]->[5,2,1]
    [5,J]:[4,5,4]->[4,1,4]
    [12,B]:[3,4,1]->[2,5,1]
    [19,B]:[4,3,4]->[3,4,1]
      reproduced [56,B] at [3,4,3]
    [26,B]:[3,5,4]->[2,5,1]
      reproduced [57,B] at [2,5,2]
    [30,B]:[5,5,4]->[1,5,1]
      reproduced [58,B] at [1,5,2]
    [31,B]:[1,2,2]
    [34,B]:[5,1,1]->[5,2,2]
    [35,J]:[5,3,3]->[4,3,2]
      reproduced [59,J] at [4,3,4]
    [40,B]:[4,4,1]->[3,5,4]
    [42,B]:[4,2,3]->[3,3,2]
    [43,B]:[1,2,3]->[1,3,1]
    [44,B]:[2,2,2]->[1,3,3]
    [46,B]:[4,4,4]
      reproduced [60,B] at [4,4,1]
    [47,B]:[1,1,3]->[2,1,1]
    [49,B]:[2,3,1]->[3,4,4]
    [54,B]:[3,2,3]->[3,1,3]
    (1:1)  (1:2)  (1:3)  (1:4)  (1:5)  
    E---   -B-B   BBB-   -*--   BB--   
    (2:1)  (2:2)  (2:3)  (2:4)  (2:5)  
    B---   B-BB   -*BB   ----   BB--   
    (3:1)  (3:2)  (3:3)  (3:4)  (3:5)  
    *PB-   B---   O---   BBBB   YPBB   
    (4:1)  (4:2)  (4:3)  (4:4)  (4:5)  
    P*BJ   YB--   BJBJ   BYBB   -BB-   
    (5:1)  (5:2)  (5:3)  (5:4)  (5:5)  
    ----   B---   YJ-J   Y---   PYP-   
->pass
  state:37.0, mode:play, ok
  Movement:
    [5,J]:[4,1,4]->[4,2,3]
      reproduced [61,J] at [4,2,4]
    [17,B]:[4,1,3]
      reproduced [62,B] at [4,1,4]
    [20,B]:[1,3,2]->[2,2,2]
    [27,J]:[5,3,2]->[5,4,2]
    [33,B]:[4,5,2]->[3,1,4]
    [35,J]:[4,3,2]
    [36,B]:[2,2,1]->[2,3,1]
    [37,B]:[4,5,3]
      reproduced [63,B] at [4,5,1]
    [38,B]:[3,5,3]->[2,1,2]
      reproduced [64,B] at [2,1,3]
    [39,B]:[2,3,3]->[3,3,2]
    [41,B]:[4,4,3]
    [43,B]:[1,3,1]->[2,4,1]
      reproduced [65,B] at [2,4,2]
    [48,B]:[3,4,2]
    [49,B]:[3,4,4]->[3,5,3]
    [50,J]:[5,3,4]
    [51,B]:[2,3,4]->[1,4,1]
    [53,B]:[2,2,4]->[3,2,2]
    [55,B]:[1,2,4]->[1,3,1]
    (1:1)  (1:2)  (1:3)  (1:4)  (1:5)  
    E---   -B--   B-B-   B*--   BB--   
    (2:1)  (2:2)  (2:3)  (2:4)  (2:5)  
    BBB-   --B-   B*--   BB--   BB--   
    (3:1)  (3:2)  (3:3)  (3:4)  (3:5)  
    *PBB   BB--   O---   BBB-   YPBB   
    (4:1)  (4:2)  (4:3)  (4:4)  (4:5)  
    P*BB   YBJJ   BJBJ   BYBB   B-B-   
    (5:1)  (5:2)  (5:3)  (5:4)  (5:5)  
    ----   B---   Y--J   YJ--   PYP-   
->move(S)
  state:38.0, mode:play, ok
  Movement:
    [0,E]:[1,1,1]->[2,1,4]
    [2,B]:[4,3,1]->[3,2,3]
    [6,B]:[2,2,3]->[1,3,2]
    [16,B]:[3,2,1]
    [27,J]:[5,4,2]->[1,5,3]
    [30,B]:[1,5,1]->[5,5,4]
    [31,B]:[1,2,2]->[1,3,2]
    [36,B]:[2,3,1]->[3,4,4]
    [40,B]:[3,5,4]->[2,4,3]
      reproduced [66,B] at [2,4,4]
    [45,B]:[4,2,2]->[5,3,2]
      reproduced [67,B] at [5,3,3]
    [46,B]:[4,4,4]->[3,5,4]
    [47,B]:[2,1,1]->[1,5,1]
      reproduced [68,B] at [1,5,4]
    [50,J]:[5,3,4]->[4,4,4]
    [52,B]:[4,3,3]->[3,3,2]
    [57,B]:[2,5,2]
    [58,B]:[1,5,2]->[1,4,3]
    [59,J]:[4,3,4]->[4,2,2]
    [60,B]:[4,4,1]->[5,3,4]
    [62,B]:[4,1,4]->[4,5,2]
    [64,B]:[2,1,3]->[2,2,1]
    [65,B]:[2,4,2]->[2,3,1]
    (1:1)  (1:2)  (1:3)  (1:4)  (1:5)  
    ----   ----   B-B-   B*B-   B-JB   
    (2:1)  (2:2)  (2:3)  (2:4)  (2:5)  
    -B-E   B---   B*--   B-BB   BB--   
    (3:1)  (3:2)  (3:3)  (3:4)  (3:5)  
    *PBB   BBB-   O---   BBBB   YPBB   
    (4:1)  (4:2)  (4:3)  (4:4)  (4:5)  
    P*B-   YJJJ   -J--   -YBJ   BBB-   
    (5:1)  (5:2)  (5:3)  (5:4)  (5:5)  
    ----   B---   YBBB   Y---   PYPB   
->move(S)
  state:38.1, mode:play, error
  Cannot transfer to new location as it is full.
->land
  state:38.2, mode:play, error
  Negative on that request:no yellow dwarf at Sector:2:1
->abort
  state:38.3, ok
  Mission aborted. Try test(3,5,7,15,30)
->abort
  state:38.4, error
  Negative on that request:no mission in progress.
->play
  state:39.0, mode:play, ok
  Movement:none
    (1:1)  (1:2)  (1:3)  (1:4)  (1:5)  
    E*--   ----   ----   PW--   ----   
    (2:1)  (2:2)  (2:3)  (2:4)  (2:5)  
    P---   W---   ----   ----   ----   
    (3:1)  (3:2)  (3:3)  (3:4)  (3:5)  
    ----   B---   O---   ----   BBAY   
    (4:1)  (4:2)  (4:3)  (4:4)  (4:5)  
    AW--   P*--   ----   ----   ----   
    (5:1)  (5:2)  (5:3)  (5:4)  (5:5)  
    *---   PW--   ----   PY--   Y---   
->pass
  state:40.0, mode:play, ok
  Movement:
    [4,B]:[3,5,1]->[2,1,2]
    [6,A]:[3,5,3]->[2,4,1]
    [7,A]:[4,1,1]->[4,2,3]
    (1:1)  (1:2)  (1:3)  (1:4)  (1:5)  
    E*--   ----   ----   PW--   ----   
    (2:1)  (2:2)  (2:3)  (2:4)  (2:5)  
    PB--   W---   ----   A---   ----   
    (3:1)  (3:2)  (3:3)  (3:4)  (3:5)  
    ----   B---   O---   ----   -B-Y   
    (4:1)  (4:2)  (4:3)  (4:4)  (4:5)  
    -W--   P*A-   ----   ----   ----   
    (5:1)  (5:2)  (5:3)  (5:4)  (5:5)  
    *---   PW--   ----   PY--   Y---   
->pass
  state:41.0, mode:play, ok
  Movement:
    [1,P]:[1,4,1]->[2,5,1]
    [2,P]:[2,1,1]->[3,5,1]
    [3,B]:[3,2,1]->[4,1,1]
    [5,B]:[3,5,2]->[3,4,1]
    [6,A]:[2,4,1]->[1,5,1]
    [9,P]:[5,2,1]->[4,1,3]
    (1:1)  (1:2)  (1:3)  (1:4)  (1:5)  
    E*--   ----   ----   -W--   A---   
    (2:1)  (2:2)  (2:3)  (2:4)  (2:5)  
    -B--   W---   ----   ----   P---   
    (3:1)  (3:2)  (3:3)  (3:4)  (3:5)  
    ----   ----   O---   B---   P--Y   
    (4:1)  (4:2)  (4:3)  (4:4)  (4:5)  
    BWP-   P*A-   ----   ----   ----   
    (5:1)  (5:2)  (5:3)  (5:4)  (5:5)  
    *---   -W--   ----   PY--   Y---   
->pass
  state:42.0, mode:play, ok
  Explorer got destroyed by asteroid (id: 6) at Sector:1:1
  The game has ended. You can start a new game.
  Movement:
    [1,P]:[2,5,1]->[2,1,1]
    [3,B]:[4,1,1]
      reproduced [11,B] at [4,1,4]
    [6,A]:[1,5,1]->[1,1,3]
      destroyed [0,E] at [1,1,1]
    (1:1)  (1:2)  (1:3)  (1:4)  (1:5)  
    -*A-   ----   ----   -W--   ----   
    (2:1)  (2:2)  (2:3)  (2:4)  (2:5)  
    PB--   W---   ----   ----   ----   
    (3:1)  (3:2)  (3:3)  (3:4)  (3:5)  
    ----   ----   O---   B---   P--Y   
    (4:1)  (4:2)  (4:3)  (4:4)  (4:5)  
    BWPB   P*A-   ----   ----   ----   
    (5:1)  (5:2)  (5:3)  (5:4)  (5:5)  
    *---   -W--   ----   PY--   Y---   
->pass
  state:42.1, error
  Negative on that request:no mission in progress.
->pass
  state:42.2, error
  Negative on that request:no mission in progress.
->pass
  state:42.3, error
  Negative on that request:no mission in progress.
->pass
  state:42.4, error
  Negative on that request:no mission in progress.
->pass
  state:42.5, error
  Negative on that request:no mission in progress.
->pass
  state:42.6, error
  Negative on that request:no mission in progress.
->pass
  state:42.7, error
  Negative on that request:no mission in progress.
->pass
  state:42.8, error
  Negative on that request:no mission in progress.
->pass
  state:42.9, error
  Negative on that request:no mission in progress.
->pass
  state:42.10, error
  Negative on that request:no mission in progress.
->pass
  state:42.11, error
  Negative on that request:no mission in progress.
->pass
  state:42.12, error
  Negative on that request:no mission in progress.
->pass
  state:42.13, error
  Negative on that request:no mission in progress.
->move(S)
  state:42.14, error
  Negative on that request:no mission in progress.
->move(S)
  state:42.15, error
  Negative on that request:no mission in progress.
->land
  state:42.16, error
  Negative on that request:no mission in progress.
