  state:0.0, ok
  Welcome! Try test(3,5,7,15,30)
->play
  state:1.0, mode:play, ok
  Movement:none
    (1:1)  (1:2)  (1:3)  (1:4)  (1:5)  
    E---   *---   P---   ----   PP--   
    (2:1)  (2:2)  (2:3)  (2:4)  (2:5)  
    ----   ----   W---   ----   P---   
    (3:1)  (3:2)  (3:3)  (3:4)  (3:5)  
    MY--   ----   O---   PW--   ----   
    (4:1)  (4:2)  (4:3)  (4:4)  (4:5)  
    W---   M*--   P---   P*--   ----   
    (5:1)  (5:2)  (5:3)  (5:4)  (5:5)  
    BW--   ----   *---   ----   PW--   
->abort
  state:1.1, ok
  Mission aborted. Try test(3,5,7,15,30)
->abort
  state:1.2, error
  Negative on that request:no mission in progress.
->abort
  state:1.3, error
  Negative on that request:no mission in progress.
->abort
  state:1.4, error
  Negative on that request:no mission in progress.
->abort
  state:1.5, error
  Negative on that request:no mission in progress.
->play
  state:2.0, mode:play, ok
  Movement:none
    (1:1)  (1:2)  (1:3)  (1:4)  (1:5)  
    EW--   PPA*   BP--   M---   Y---   
    (2:1)  (2:2)  (2:3)  (2:4)  (2:5)  
    ----   *---   PY--   ----   A---   
    (3:1)  (3:2)  (3:3)  (3:4)  (3:5)  
    B---   ----   O---   PY--   P---   
    (4:1)  (4:2)  (4:3)  (4:4)  (4:5)  
    ----   ----   W---   B---   ----   
    (5:1)  (5:2)  (5:3)  (5:4)  (5:5)  
    ----   PY--   P---   *---   PW--   
->abort
  state:2.1, ok
  Mission aborted. Try test(3,5,7,15,30)
->abort
  state:2.2, error
  Negative on that request:no mission in progress.
->abort
  state:2.3, error
  Negative on that request:no mission in progress.
->abort
  state:2.4, error
  Negative on that request:no mission in progress.
->abort
  state:2.5, error
  Negative on that request:no mission in progress.
