  state:0.0, ok
  Welcome! Try test(3,5,7,15,30)
->play
  state:1.0, mode:play, ok
  Movement:none
    (1:1)  (1:2)  (1:3)  (1:4)  (1:5)  
    E---   *---   P---   ----   PP--   
    (2:1)  (2:2)  (2:3)  (2:4)  (2:5)  
    ----   ----   W---   ----   P---   
    (3:1)  (3:2)  (3:3)  (3:4)  (3:5)  
    MY--   ----   O---   PW--   ----   
    (4:1)  (4:2)  (4:3)  (4:4)  (4:5)  
    W---   M*--   P---   P*--   ----   
    (5:1)  (5:2)  (5:3)  (5:4)  (5:5)  
    BW--   ----   *---   ----   PW--   
->move(E)
  state:2.0, mode:play, ok
  Movement:
    [0,E]:[1,1,1]->[1,2,2]
    [3,P]:[1,5,2]->[5,4,1]
    [8,P]:[4,3,1]->[3,2,1]
    (1:1)  (1:2)  (1:3)  (1:4)  (1:5)  
    ----   *E--   P---   ----   P---   
    (2:1)  (2:2)  (2:3)  (2:4)  (2:5)  
    ----   ----   W---   ----   P---   
    (3:1)  (3:2)  (3:3)  (3:4)  (3:5)  
    MY--   P---   O---   PW--   ----   
    (4:1)  (4:2)  (4:3)  (4:4)  (4:5)  
    W---   M*--   ----   P*--   ----   
    (5:1)  (5:2)  (5:3)  (5:4)  (5:5)  
    BW--   ----   *---   P---   PW--   
->status
  state:2.1, mode:play, ok
  Explorer status report:Travelling at cruise speed at [1,2,2]
  Life units left:3, Fuel units left:3
->land
  state:2.2, mode:play, error
  Negative on that request:no yellow dwarf at Sector:1:2
->status
  state:2.3, mode:play, ok
  Explorer status report:Travelling at cruise speed at [1,2,2]
  Life units left:3, Fuel units left:3
->move(S)
  state:3.0, mode:play, ok
  Movement:
    [0,E]:[1,2,2]->[2,2,1]
    [5,M]:[3,1,1]->[3,5,1]
    [8,P]:[3,2,1]->[2,1,1]
    [10,B]:[5,1,1]->[5,2,1]
    (1:1)  (1:2)  (1:3)  (1:4)  (1:5)  
    ----   *---   P---   ----   P---   
    (2:1)  (2:2)  (2:3)  (2:4)  (2:5)  
    P---   E---   W---   ----   P---   
    (3:1)  (3:2)  (3:3)  (3:4)  (3:5)  
    -Y--   ----   O---   PW--   M---   
    (4:1)  (4:2)  (4:3)  (4:4)  (4:5)  
    W---   M*--   ----   P*--   ----   
    (5:1)  (5:2)  (5:3)  (5:4)  (5:5)  
    -W--   B---   *---   P---   PW--   
->status
  state:3.1, mode:play, ok
  Explorer status report:Travelling at cruise speed at [2,2,1]
  Life units left:3, Fuel units left:2
->move(S)
  state:4.0, mode:play, ok
  Movement:
    [0,E]:[2,2,1]->[3,2,1]
    [1,P]:[1,3,1]->[2,4,1]
    [2,P]:[1,5,1]->[2,5,2]
    [4,P]:[2,5,1]->[2,4,2]
    [6,P]:[3,4,1]->[2,3,2]
    [7,M]:[4,2,1]->[5,1,1]
    [10,B]:[5,2,1]->[5,1,3]
      reproduced [12,B] at [5,1,4]
      destroyed [7,M] at [5,1,1]
    [11,P]:[5,5,1]->[4,4,3]
    (1:1)  (1:2)  (1:3)  (1:4)  (1:5)  
    ----   *---   ----   ----   ----   
    (2:1)  (2:2)  (2:3)  (2:4)  (2:5)  
    P---   ----   WP--   PP--   -P--   
    (3:1)  (3:2)  (3:3)  (3:4)  (3:5)  
    -Y--   E---   O---   -W--   M---   
    (4:1)  (4:2)  (4:3)  (4:4)  (4:5)  
    W---   -*--   ----   P*P-   ----   
    (5:1)  (5:2)  (5:3)  (5:4)  (5:5)  
    -WBB   ----   *---   P---   -W--   
->status
  state:4.1, mode:play, ok
  Explorer status report:Travelling at cruise speed at [3,2,1]
  Life units left:3, Fuel units left:1
->play
  state:4.2, mode:play, error
  To start a new mission, please abort the current one first.
->move(E)
  state:5.0, mode:play, ok
  Explorer got lost in space - out of fuel at Sector:3:3
  The game has ended. You can start a new game.
  Movement:
    [0,E]:[3,2,1]->[3,3,2]
    [2,P]:[2,5,2]->[1,5,1]
    [3,P]:[5,4,1]->[1,4,1]
    [6,P]:[2,3,2]->[3,2,1]
    [8,P]:[2,1,1]->[1,5,2]
    [12,B]:[5,1,4]->[5,3,2]
    (1:1)  (1:2)  (1:3)  (1:4)  (1:5)  
    ----   *---   ----   P---   PP--   
    (2:1)  (2:2)  (2:3)  (2:4)  (2:5)  
    ----   ----   W---   PP--   ----   
    (3:1)  (3:2)  (3:3)  (3:4)  (3:5)  
    -Y--   P---   O---   -W--   M---   
    (4:1)  (4:2)  (4:3)  (4:4)  (4:5)  
    W---   -*--   ----   P*P-   ----   
    (5:1)  (5:2)  (5:3)  (5:4)  (5:5)  
    -WB-   ----   *B--   ----   -W--   
->status
  state:5.1, error
  Negative on that request:no mission in progress.
->land
  state:5.2, error
  Negative on that request:no mission in progress.
->status
  state:5.3, error
  Negative on that request:no mission in progress.
->move(S)
  state:5.4, error
  Negative on that request:no mission in progress.
->status
  state:5.5, error
  Negative on that request:no mission in progress.
->move(S)
  state:5.6, error
  Negative on that request:no mission in progress.
->status
  state:5.7, error
  Negative on that request:no mission in progress.
->play
  state:6.0, mode:play, ok
  Movement:none
    (1:1)  (1:2)  (1:3)  (1:4)  (1:5)  
    EPAW   BW--   ----   P---   PY--   
    (2:1)  (2:2)  (2:3)  (2:4)  (2:5)  
    *---   ----   *---   B---   ----   
    (3:1)  (3:2)  (3:3)  (3:4)  (3:5)  
    ----   P---   O---   P---   ----   
    (4:1)  (4:2)  (4:3)  (4:4)  (4:5)  
    P---   Y---   *---   P---   ----   
    (5:1)  (5:2)  (5:3)  (5:4)  (5:5)  
    *---   A*--   P---   ----   *---   
->move(E)
  state:7.0, mode:play, ok
  Movement:
    [0,E]:[1,1,1]->[1,2,3]
    [2,A]:[1,1,3]->[2,2,1]
    [7,P]:[3,2,1]->[2,3,2]
    [8,P]:[3,4,1]->[4,4,2]
    [10,P]:[4,4,1]->[4,3,2]
    (1:1)  (1:2)  (1:3)  (1:4)  (1:5)  
    -P-W   BWE-   ----   P---   PY--   
    (2:1)  (2:2)  (2:3)  (2:4)  (2:5)  
    *---   A---   *P--   B---   ----   
    (3:1)  (3:2)  (3:3)  (3:4)  (3:5)  
    ----   ----   O---   ----   ----   
    (4:1)  (4:2)  (4:3)  (4:4)  (4:5)  
    P---   Y---   *P--   -P--   ----   
    (5:1)  (5:2)  (5:3)  (5:4)  (5:5)  
    *---   A*--   P---   ----   *---   
->status
  state:7.1, mode:play, ok
  Explorer status report:Travelling at cruise speed at [1,2,3]
  Life units left:3, Fuel units left:2
->land
  state:7.2, mode:play, error
  Negative on that request:no yellow dwarf at Sector:1:2
->status
  state:7.3, mode:play, ok
  Explorer status report:Travelling at cruise speed at [1,2,3]
  Life units left:3, Fuel units left:2
->move(S)
  state:8.0, mode:play, ok
  Movement:
    [0,E]:[1,2,3]->[2,2,2]
    [2,A]:[2,2,1]->[2,3,3]
    [3,B]:[1,2,1]->[3,3,2]
    [4,P]:[1,4,1]->[2,3,4]
    [6,B]:[2,4,1]->[2,5,1]
    [9,P]:[4,1,1]->[5,1,2]
    [11,A]:[5,2,1]->[1,3,1]
    [12,P]:[5,3,1]->[4,4,1]
    (1:1)  (1:2)  (1:3)  (1:4)  (1:5)  
    -P-W   -W--   A---   ----   PY--   
    (2:1)  (2:2)  (2:3)  (2:4)  (2:5)  
    *---   -E--   *PAP   ----   B---   
    (3:1)  (3:2)  (3:3)  (3:4)  (3:5)  
    ----   ----   O---   ----   ----   
    (4:1)  (4:2)  (4:3)  (4:4)  (4:5)  
    ----   Y---   *P--   PP--   ----   
    (5:1)  (5:2)  (5:3)  (5:4)  (5:5)  
    *P--   -*--   ----   ----   *---   
->status
  state:8.1, mode:play, ok
  Explorer status report:Travelling at cruise speed at [2,2,2]
  Life units left:3, Fuel units left:1
->move(S)
  state:9.0, mode:play, ok
  Explorer got lost in space - out of fuel at Sector:3:2
  The game has ended. You can start a new game.
  Movement:
    [0,E]:[2,2,2]->[3,2,1]
    [1,P]:[1,1,2]->[2,2,1]
    (1:1)  (1:2)  (1:3)  (1:4)  (1:5)  
    ---W   -W--   A---   ----   PY--   
    (2:1)  (2:2)  (2:3)  (2:4)  (2:5)  
    *---   P---   *PAP   ----   B---   
    (3:1)  (3:2)  (3:3)  (3:4)  (3:5)  
    ----   ----   O---   ----   ----   
    (4:1)  (4:2)  (4:3)  (4:4)  (4:5)  
    ----   Y---   *P--   PP--   ----   
    (5:1)  (5:2)  (5:3)  (5:4)  (5:5)  
    *P--   -*--   ----   ----   *---   
->status
  state:9.1, error
  Negative on that request:no mission in progress.
->play
  state:10.0, mode:play, ok
  Movement:none
    (1:1)  (1:2)  (1:3)  (1:4)  (1:5)  
    EY--   B---   P*--   ----   ----   
    (2:1)  (2:2)  (2:3)  (2:4)  (2:5)  
    W---   B---   BY--   ----   BB--   
    (3:1)  (3:2)  (3:3)  (3:4)  (3:5)  
    J---   B---   O---   PY--   P*--   
    (4:1)  (4:2)  (4:3)  (4:4)  (4:5)  
    Y---   B---   B---   Y---   P---   
    (5:1)  (5:2)  (5:3)  (5:4)  (5:5)  
    ----   ----   BY--   ----   PY--   
->move(E)
  state:11.0, mode:play, ok
  Movement:
    [0,E]:[1,1,1]->[1,2,2]
    [1,B]:[1,2,1]->[5,1,1]
    [3,B]:[2,2,1]->[1,1,1]
    [6,B]:[2,5,2]->[2,1,2]
    [11,B]:[4,2,1]->[3,3,2]
    [14,B]:[5,3,1]->[5,2,1]
    (1:1)  (1:2)  (1:3)  (1:4)  (1:5)  
    BY--   -E--   P*--   ----   ----   
    (2:1)  (2:2)  (2:3)  (2:4)  (2:5)  
    WB--   ----   BY--   ----   B---   
    (3:1)  (3:2)  (3:3)  (3:4)  (3:5)  
    J---   B---   O---   PY--   P*--   
    (4:1)  (4:2)  (4:3)  (4:4)  (4:5)  
    Y---   ----   B---   Y---   P---   
    (5:1)  (5:2)  (5:3)  (5:4)  (5:5)  
    B---   B---   -Y--   ----   PY--   
->status
  state:11.1, mode:play, ok
  Explorer status report:Travelling at cruise speed at [1,2,2]
  Life units left:3, Fuel units left:2
->land
  state:11.2, mode:play, error
  Negative on that request:no yellow dwarf at Sector:1:2
->status
  state:11.3, mode:play, ok
  Explorer status report:Travelling at cruise speed at [1,2,2]
  Life units left:3, Fuel units left:2
->move(S)
  state:12.0, mode:play, ok
  Movement:
    [0,E]:[1,2,2]->[2,2,1]
    [8,B]:[3,2,1]->[2,2,2]
    [12,B]:[4,3,1]->[3,4,3]
    [14,B]:[5,2,1]->[5,1,2]
      reproduced [16,B] at [5,1,3]
    (1:1)  (1:2)  (1:3)  (1:4)  (1:5)  
    BY--   ----   P*--   ----   ----   
    (2:1)  (2:2)  (2:3)  (2:4)  (2:5)  
    WB--   EB--   BY--   ----   B---   
    (3:1)  (3:2)  (3:3)  (3:4)  (3:5)  
    J---   ----   O---   PYB-   P*--   
    (4:1)  (4:2)  (4:3)  (4:4)  (4:5)  
    Y---   ----   ----   Y---   P---   
    (5:1)  (5:2)  (5:3)  (5:4)  (5:5)  
    BBB-   ----   -Y--   ----   PY--   
->status
  state:12.1, mode:play, ok
  Explorer status report:Travelling at cruise speed at [2,2,1]
  Life units left:3, Fuel units left:1
->move(S)
  state:13.0, mode:play, ok
  Explorer got lost in space - out of fuel at Sector:3:2
  The game has ended. You can start a new game.
  Movement:
    [0,E]:[2,2,1]->[3,2,1]
    [1,B]:[5,1,1]->[5,5,3]
      reproduced [17,B] at [5,5,4]
    [3,B]:[1,1,1]->[1,5,1]
      reproduced [18,B] at [1,5,2]
    [4,B]:[2,3,1]->[3,3,2]
    [5,B]:[2,5,1]->[3,4,4]
    [6,B]:[2,1,2]->[2,4,1]
      reproduced [19,B] at [2,4,2]
    [7,J]:[3,1,1]->[3,5,3]
    [13,P]:[4,5,1]->[4,4,2]
    [16,B]:[5,1,3]
    (1:1)  (1:2)  (1:3)  (1:4)  (1:5)  
    -Y--   ----   P*--   ----   BB--   
    (2:1)  (2:2)  (2:3)  (2:4)  (2:5)  
    W---   -B--   -Y--   BB--   ----   
    (3:1)  (3:2)  (3:3)  (3:4)  (3:5)  
    ----   ----   O---   PYBB   P*J-   
    (4:1)  (4:2)  (4:3)  (4:4)  (4:5)  
    Y---   ----   ----   YP--   ----   
    (5:1)  (5:2)  (5:3)  (5:4)  (5:5)  
    -BB-   ----   -Y--   ----   PYBB   
->status
  state:13.1, error
  Negative on that request:no mission in progress.
->play
  state:14.0, mode:play, ok
  Movement:none
    (1:1)  (1:2)  (1:3)  (1:4)  (1:5)  
    EPW-   PB*-   ----   *---   P---   
    (2:1)  (2:2)  (2:3)  (2:4)  (2:5)  
    P---   *---   PP--   P---   ----   
    (3:1)  (3:2)  (3:3)  (3:4)  (3:5)  
    *---   BJW-   O---   B---   ----   
    (4:1)  (4:2)  (4:3)  (4:4)  (4:5)  
    ----   Y---   Y---   *---   ----   
    (5:1)  (5:2)  (5:3)  (5:4)  (5:5)  
    ----   ----   MY--   M---   ----   
->move(E)
  state:15.0, mode:play, ok
  Movement:
    [0,E]:[1,1,1]->[1,2,4]
    [4,P]:[1,5,1]->[5,5,1]
    [6,P]:[2,3,1]->[1,4,2]
    (1:1)  (1:2)  (1:3)  (1:4)  (1:5)  
    -PW-   PB*E   ----   *P--   ----   
    (2:1)  (2:2)  (2:3)  (2:4)  (2:5)  
    P---   *---   -P--   P---   ----   
    (3:1)  (3:2)  (3:3)  (3:4)  (3:5)  
    *---   BJW-   O---   B---   ----   
    (4:1)  (4:2)  (4:3)  (4:4)  (4:5)  
    ----   Y---   Y---   *---   ----   
    (5:1)  (5:2)  (5:3)  (5:4)  (5:5)  
    ----   ----   MY--   M---   P---   
->status
  state:15.1, mode:play, ok
  Explorer status report:Travelling at cruise speed at [1,2,4]
  Life units left:3, Fuel units left:3
->land
  state:15.2, mode:play, error
  Negative on that request:no yellow dwarf at Sector:1:2
->status
  state:15.3, mode:play, ok
  Explorer status report:Travelling at cruise speed at [1,2,4]
  Life units left:3, Fuel units left:3
->move(S)
  state:16.0, mode:play, ok
  Movement:
    [0,E]:[1,2,4]->[2,2,2]
    [3,B]:[1,2,2]->[5,1,1]
    [5,P]:[2,1,1]->[2,2,3]
    [7,P]:[2,3,2]->[1,2,2]
    [9,B]:[3,2,1]->[5,2,1]
    [11,B]:[3,4,1]->[4,5,1]
    (1:1)  (1:2)  (1:3)  (1:4)  (1:5)  
    -PW-   PP*-   ----   *P--   ----   
    (2:1)  (2:2)  (2:3)  (2:4)  (2:5)  
    ----   *EP-   ----   P---   ----   
    (3:1)  (3:2)  (3:3)  (3:4)  (3:5)  
    *---   -JW-   O---   ----   ----   
    (4:1)  (4:2)  (4:3)  (4:4)  (4:5)  
    ----   Y---   Y---   *---   B---   
    (5:1)  (5:2)  (5:3)  (5:4)  (5:5)  
    B---   B---   MY--   M---   P---   
->status
  state:16.1, mode:play, ok
  Explorer status report:Travelling at cruise speed at [2,2,2]
  Life units left:3, Fuel units left:3
->move(S)
  state:17.0, mode:play, ok
  Movement:
    [0,E]:[2,2,2]->[3,2,1]
    [1,P]:[1,1,2]->[5,1,2]
    [4,P]:[5,5,1]->[5,1,3]
    [8,P]:[2,4,1]->[3,3,2]
    [9,B]:[5,2,1]->[1,2,4]
    [10,J]:[3,2,2]->[3,3,2]
    [11,B]:[4,5,1]->[5,1,4]
    [12,M]:[5,3,1]
    [13,M]:[5,4,1]->[1,3,1]
    (1:1)  (1:2)  (1:3)  (1:4)  (1:5)  
    --W-   PP*B   M---   *P--   ----   
    (2:1)  (2:2)  (2:3)  (2:4)  (2:5)  
    ----   *-P-   ----   ----   ----   
    (3:1)  (3:2)  (3:3)  (3:4)  (3:5)  
    *---   E-W-   O---   ----   ----   
    (4:1)  (4:2)  (4:3)  (4:4)  (4:5)  
    ----   Y---   Y---   *---   ----   
    (5:1)  (5:2)  (5:3)  (5:4)  (5:5)  
    BPPB   ----   MY--   ----   ----   
->status
  state:17.1, mode:play, ok
  Explorer status report:Travelling at cruise speed at [3,2,1]
  Life units left:3, Fuel units left:2
->play
  state:17.2, mode:play, error
  To start a new mission, please abort the current one first.
->move(E)
  state:18.0, mode:play, ok
  Explorer got devoured by blackhole (id: -1) at Sector:3:3
  The game has ended. You can start a new game.
  Movement:
    [0,E]:[3,2,1]->[3,3,2]
    [11,B]:[5,1,4]->[1,1,1]
    (1:1)  (1:2)  (1:3)  (1:4)  (1:5)  
    --W-   PP*B   M---   *P--   ----   
    (2:1)  (2:2)  (2:3)  (2:4)  (2:5)  
    ----   *-P-   ----   ----   ----   
    (3:1)  (3:2)  (3:3)  (3:4)  (3:5)  
    *---   --W-   O---   ----   ----   
    (4:1)  (4:2)  (4:3)  (4:4)  (4:5)  
    ----   Y---   Y---   *---   ----   
    (5:1)  (5:2)  (5:3)  (5:4)  (5:5)  
    BPP-   ----   MY--   ----   ----   
->status
  state:18.1, error
  Negative on that request:no mission in progress.
->land
  state:18.2, error
  Negative on that request:no mission in progress.
->status
  state:18.3, error
  Negative on that request:no mission in progress.
->move(S)
  state:18.4, error
  Negative on that request:no mission in progress.
->status
  state:18.5, error
  Negative on that request:no mission in progress.
->move(S)
  state:18.6, error
  Negative on that request:no mission in progress.
->status
  state:18.7, error
  Negative on that request:no mission in progress.
